Running Jupyter-Book v1.0.4.post1
Source Folder: C:\Users\Floris\Documents\interlanguage\04_mirrors\id\measure-theoretic-probability-stochastic-processes-id\tmp\quantecon-build-work-native-pdf-20260822a\lectures
Config Path: C:\Users\Floris\Documents\interlanguage\04_mirrors\id\measure-theoretic-probability-stochastic-processes-id\tmp\quantecon-build-work-native-pdf-20260822a\lectures\_config.yml
Output Path: _build\latex
[01mRunning Sphinx v7.4.7[39;49;00m
[01mloading translations [en]... [39;49;00mdone
[01mmaking output directory... [39;49;00mdone
[etoc] Changing master_doc to 'intro'
[01mmyst v3.0.1:[39;49;00m MdParserConfig(commonmark_only=False, gfm_only=False, enable_extensions={'colon_fence', 'linkify', 'deflist', 'smartquotes', 'substitution', 'amsmath', 'dollarmath', 'html_image', 'html_admonition', 'replacements'}, disable_syntax=[], all_links_external=False, links_external_new_tab=False, url_schemes=('mailto', 'http', 'https'), ref_domains=None, fence_as_directive=set(), number_code_blocks=[], title_to_header=False, heading_anchors=0, heading_slug_func=None, html_meta={}, footnote_transition=True, words_per_minute=200, substitutions={}, linkify_fuzzy_links=True, dmath_allow_labels=True, dmath_allow_space=True, dmath_allow_digits=True, dmath_double_inline=False, update_mathjax=True, mathjax_classes='tex2jax_process|mathjax_process|math|output_area', enable_checkboxes=False, suppress_warnings=[], highlight_code_blocks=True)
[01mmyst-nb v1.4.0:[39;49;00m NbParserConfig(custom_formats={}, metadata_key='mystnb', cell_metadata_key='mystnb', kernel_rgx_aliases={}, eval_name_regex='^[a-zA-Z_][a-zA-Z0-9_]*$', execution_mode='cache', execution_cache_path='', execution_excludepatterns=[], execution_timeout=30, execution_in_temp=False, execution_allow_errors=False, execution_raise_on_error=False, execution_show_tb=False, merge_streams=True, render_plugin='default', remove_code_source=False, remove_code_outputs=False, scroll_outputs=False, code_prompt_show='Show code cell {type}', code_prompt_hide='Hide code cell {type}', number_source_lines=False, output_stderr='show', render_text_lexer='myst-ansi', render_error_lexer='ipythontb', render_image_options={}, render_figure_options={}, render_markdown_format='commonmark', output_folder='build', append_css=True, metadata_to_fm=False)
Using jupyter-cache at: C:\Users\Floris\Documents\interlanguage\04_mirrors\id\measure-theoretic-probability-stochastic-processes-id\tmp\quantecon-build-work-native-pdf-20260822a\_build\.jupyter_cache
[01msphinx-multitoc-numbering v0.1.3:[39;49;00m Loaded
checking bibtex cache... out of date
parsing bibtex file C:\Users\Floris\Documents\interlanguage\04_mirrors\id\measure-theoretic-probability-stochastic-processes-id\tmp\quantecon-build-work-native-pdf-20260822a\lectures\references.bib... parsed 13 entries
[01msphinx-jupyterbook-latex v1.0.0:[39;49;00mengine='xelatex', toplevel_section='chapter', imgconverter='sphinx.ext.imgconverter', show_tocs='list'
[01mbuilding [mo]: [39;49;00mtargets for 0 po files that are out of date
[01mwriting output... [39;49;00m
[01mbuilding [latex]: [39;49;00mall documents
[01mupdating environment: [39;49;00m[new config] 11 added, 0 changed, 0 removed
[01mreading sources... [39;49;00m[  9%] [35mergodicity[39;49;00m
C:\Users\Floris\Documents\interlanguage\04_mirrors\id\measure-theoretic-probability-stochastic-processes-id\tmp\quantecon-build-work-native-pdf-20260822a\lectures\ergodicity.md: Executing notebook using local CWD [mystnb]
C:\Users\Floris\Documents\interlanguage\04_mirrors\id\measure-theoretic-probability-stochastic-processes-id\tmp\quantecon-offline-replay\Lib\site-packages\zmq\_future.py:718: RuntimeWarning: Proactor event loop does not implement add_reader family of methods required for zmq. Registering an additional selector thread for add_reader support via tornado. Use `asyncio.set_event_loop_policy(WindowsSelectorEventLoopPolicy())` to avoid this warning.
  self._get_loop()
[IPKernelApp] WARNING | Kernel is running over TCP without encryption. All communication (including code and outputs) is sent in plain text and is susceptible to eavesdropping. Use IPC transport or launch with kernel manager-provisioned CurveZMQ keys to enable transport encryption.
C:\Users\Floris\Documents\interlanguage\04_mirrors\id\measure-theoretic-probability-stochastic-processes-id\tmp\quantecon-build-work-native-pdf-20260822a\lectures\ergodicity.md: Executed notebook in 17.51 seconds [mystnb]
C:\Users\Floris\Documents\interlanguage\04_mirrors\id\measure-theoretic-probability-stochastic-processes-id\tmp\quantecon-build-work-native-pdf-20260822a\lectures\ergodicity.md: Cached executed notebook: ID=1 [mystnb]
[01mreading sources... [39;49;00m[ 18%] [35mgenerators[39;49;00m
C:\Users\Floris\Documents\interlanguage\04_mirrors\id\measure-theoretic-probability-stochastic-processes-id\tmp\quantecon-build-work-native-pdf-20260822a\lectures\generators.md: Executing notebook using local CWD [mystnb]
[IPKernelApp] WARNING | Kernel is running over TCP without encryption. All communication (including code and outputs) is sent in plain text and is susceptible to eavesdropping. Use IPC transport or launch with kernel manager-provisioned CurveZMQ keys to enable transport encryption.
C:\Users\Floris\Documents\interlanguage\04_mirrors\id\measure-theoretic-probability-stochastic-processes-id\tmp\quantecon-build-work-native-pdf-20260822a\lectures\generators.md: Executed notebook in 2.82 seconds [mystnb]
C:\Users\Floris\Documents\interlanguage\04_mirrors\id\measure-theoretic-probability-stochastic-processes-id\tmp\quantecon-build-work-native-pdf-20260822a\lectures\generators.md: Cached executed notebook: ID=2 [mystnb]
[01mreading sources... [39;49;00m[ 27%] [35mintro[39;49;00m
[01mreading sources... [39;49;00m[ 36%] [35mkolmogorov_bwd[39;49;00m
C:\Users\Floris\Documents\interlanguage\04_mirrors\id\measure-theoretic-probability-stochastic-processes-id\tmp\quantecon-build-work-native-pdf-20260822a\lectures\kolmogorov_bwd.md: Executing notebook using local CWD [mystnb]
[IPKernelApp] WARNING | Kernel is running over TCP without encryption. All communication (including code and outputs) is sent in plain text and is susceptible to eavesdropping. Use IPC transport or launch with kernel manager-provisioned CurveZMQ keys to enable transport encryption.
C:\Users\Floris\Documents\interlanguage\04_mirrors\id\measure-theoretic-probability-stochastic-processes-id\tmp\quantecon-build-work-native-pdf-20260822a\lectures\kolmogorov_bwd.md: Executed notebook in 24.44 seconds [mystnb]
C:\Users\Floris\Documents\interlanguage\04_mirrors\id\measure-theoretic-probability-stochastic-processes-id\tmp\quantecon-build-work-native-pdf-20260822a\lectures\kolmogorov_bwd.md: Cached executed notebook: ID=3 [mystnb]
[01mreading sources... [39;49;00m[ 45%] [35mkolmogorov_fwd[39;49;00m
C:\Users\Floris\Documents\interlanguage\04_mirrors\id\measure-theoretic-probability-stochastic-processes-id\tmp\quantecon-build-work-native-pdf-20260822a\lectures\kolmogorov_fwd.md: Executing notebook using local CWD [mystnb]
[IPKernelApp] WARNING | Kernel is running over TCP without encryption. All communication (including code and outputs) is sent in plain text and is susceptible to eavesdropping. Use IPC transport or launch with kernel manager-provisioned CurveZMQ keys to enable transport encryption.
C:\Users\Floris\Documents\interlanguage\04_mirrors\id\measure-theoretic-probability-stochastic-processes-id\tmp\quantecon-build-work-native-pdf-20260822a\lectures\kolmogorov_fwd.md: Executed notebook in 17.31 seconds [mystnb]
C:\Users\Floris\Documents\interlanguage\04_mirrors\id\measure-theoretic-probability-stochastic-processes-id\tmp\quantecon-build-work-native-pdf-20260822a\lectures\kolmogorov_fwd.md: Cached executed notebook: ID=4 [mystnb]
[01mreading sources... [39;49;00m[ 55%] [35mmarkov_prop[39;49;00m
C:\Users\Floris\Documents\interlanguage\04_mirrors\id\measure-theoretic-probability-stochastic-processes-id\tmp\quantecon-build-work-native-pdf-20260822a\lectures\markov_prop.md: Executing notebook using local CWD [mystnb]
[IPKernelApp] WARNING | Kernel is running over TCP without encryption. All communication (including code and outputs) is sent in plain text and is susceptible to eavesdropping. Use IPC transport or launch with kernel manager-provisioned CurveZMQ keys to enable transport encryption.
C:\Users\Floris\Documents\interlanguage\04_mirrors\id\measure-theoretic-probability-stochastic-processes-id\tmp\quantecon-build-work-native-pdf-20260822a\lectures\markov_prop.md: Executed notebook in 29.44 seconds [mystnb]
C:\Users\Floris\Documents\interlanguage\04_mirrors\id\measure-theoretic-probability-stochastic-processes-id\tmp\quantecon-build-work-native-pdf-20260822a\lectures\markov_prop.md: Cached executed notebook: ID=5 [mystnb]
[01mreading sources... [39;49;00m[ 64%] [35mmemoryless[39;49;00m
C:\Users\Floris\Documents\interlanguage\04_mirrors\id\measure-theoretic-probability-stochastic-processes-id\tmp\quantecon-build-work-native-pdf-20260822a\lectures\memoryless.md: Executing notebook using local CWD [mystnb]
[IPKernelApp] WARNING | Kernel is running over TCP without encryption. All communication (including code and outputs) is sent in plain text and is susceptible to eavesdropping. Use IPC transport or launch with kernel manager-provisioned CurveZMQ keys to enable transport encryption.
C:\Users\Floris\Documents\interlanguage\04_mirrors\id\measure-theoretic-probability-stochastic-processes-id\tmp\quantecon-build-work-native-pdf-20260822a\lectures\memoryless.md: Executed notebook in 24.56 seconds [mystnb]
C:\Users\Floris\Documents\interlanguage\04_mirrors\id\measure-theoretic-probability-stochastic-processes-id\tmp\quantecon-build-work-native-pdf-20260822a\lectures\memoryless.md: Cached executed notebook: ID=6 [mystnb]
[01mreading sources... [39;49;00m[ 73%] [35mpoisson[39;49;00m
C:\Users\Floris\Documents\interlanguage\04_mirrors\id\measure-theoretic-probability-stochastic-processes-id\tmp\quantecon-build-work-native-pdf-20260822a\lectures\poisson.md: Executing notebook using local CWD [mystnb]
[IPKernelApp] WARNING | Kernel is running over TCP without encryption. All communication (including code and outputs) is sent in plain text and is susceptible to eavesdropping. Use IPC transport or launch with kernel manager-provisioned CurveZMQ keys to enable transport encryption.
C:\Users\Floris\Documents\interlanguage\04_mirrors\id\measure-theoretic-probability-stochastic-processes-id\tmp\quantecon-build-work-native-pdf-20260822a\lectures\poisson.md: Executed notebook in 28.48 seconds [mystnb]
C:\Users\Floris\Documents\interlanguage\04_mirrors\id\measure-theoretic-probability-stochastic-processes-id\tmp\quantecon-build-work-native-pdf-20260822a\lectures\poisson.md: Cached executed notebook: ID=7 [mystnb]
[01mreading sources... [39;49;00m[ 82%] [35mstatus[39;49;00m
C:\Users\Floris\Documents\interlanguage\04_mirrors\id\measure-theoretic-probability-stochastic-processes-id\tmp\quantecon-build-work-native-pdf-20260822a\lectures\status.md: Executing notebook using local CWD [mystnb]
[IPKernelApp] WARNING | Kernel is running over TCP without encryption. All communication (including code and outputs) is sent in plain text and is susceptible to eavesdropping. Use IPC transport or launch with kernel manager-provisioned CurveZMQ keys to enable transport encryption.
C:\Users\Floris\Documents\interlanguage\04_mirrors\id\measure-theoretic-probability-stochastic-processes-id\tmp\quantecon-build-work-native-pdf-20260822a\lectures\status.md: Executed notebook in 16.91 seconds [mystnb]
C:\Users\Floris\Documents\interlanguage\04_mirrors\id\measure-theoretic-probability-stochastic-processes-id\tmp\quantecon-build-work-native-pdf-20260822a\lectures\status.md: Cached executed notebook: ID=8 [mystnb]
[01mreading sources... [39;49;00m[ 91%] [35muc_mc_semigroups[39;49;00m
C:\Users\Floris\Documents\interlanguage\04_mirrors\id\measure-theoretic-probability-stochastic-processes-id\tmp\quantecon-build-work-native-pdf-20260822a\lectures\uc_mc_semigroups.md: Using cached notebook: ID=2 [mystnb]
[01mreading sources... [39;49;00m[100%] [35mzreferences[39;49;00m

Updating 1 file(s) with execution table [mystnb]
[01mlooking for now-outdated files... [39;49;00mnone found
[01mpickling environment... [39;49;00mdone
[01mchecking consistency... [39;49;00mdone
[01mcopying TeX support files... [39;49;00m[01mcopying TeX support files...[39;49;00m
done
[01mprocessing book.tex... [39;49;00m[32mintro[39;49;00m [32mmemoryless[39;49;00m [32mpoisson[39;49;00m [32mmarkov_prop[39;49;00m [32mkolmogorov_bwd[39;49;00m [32mkolmogorov_fwd[39;49;00m [32mgenerators[39;49;00m [32muc_mc_semigroups[39;49;00m [32mergodicity[39;49;00m [32mstatus[39;49;00m [32mzreferences[39;49;00m 
resolving references...
C:\Users\Floris\Documents\interlanguage\04_mirrors\id\measure-theoretic-probability-stochastic-processes-id\tmp\quantecon-build-work-native-pdf-20260822a\lectures\memoryless.md:491: WARNING: None:numref reference target not found: memoryless-ex-1
done
[01mwriting... [39;49;00mdone
[01mcopying images... [39;49;00m[100%] [33m_static/lecture_specific/markov_prop/flow_fig.png[39;49;00m

[01mbuild succeeded, 1 warning.[39;49;00m

The LaTeX files are in _build\latex.
Finished generating latex for book...
Converting book latex into PDF...
Traceback (most recent call last):
  File "C:\Users\Floris\Documents\interlanguage\04_mirrors\id\measure-theoretic-probability-stochastic-processes-id\tmp\quantecon-offline-replay\Lib\site-packages\jupyter_book\cli\main.py", line 598, in builder_specific_actions
    output = subprocess.run([makecmd, "all-pdf"], cwd=output_path)
  File "C:\Users\Floris\miniconda3\Lib\subprocess.py", line 554, in run
    with Popen(*popenargs, **kwargs) as process:
         ~~~~~^^^^^^^^^^^^^^^^^^^^^^
  File "C:\Users\Floris\miniconda3\Lib\subprocess.py", line 1039, in __init__
    self._execute_child(args, executable, preexec_fn, close_fds,
    ~~~~~~~~~~~~~~~~~~~^^^^^^^^^^^^^^^^^^^^^^^^^^^^^^^^^^^^^^^^^
                        pass_fds, cwd, env,
                        ^^^^^^^^^^^^^^^^^^^
    ...<5 lines>...
                        gid, gids, uid, umask,
                        ^^^^^^^^^^^^^^^^^^^^^^
                        start_new_session, process_group)
                        ^^^^^^^^^^^^^^^^^^^^^^^^^^^^^^^^^
  File "C:\Users\Floris\miniconda3\Lib\subprocess.py", line 1554, in _execute_child
    hp, ht, pid, tid = _winapi.CreateProcess(executable, args,
                       ~~~~~~~~~~~~~~~~~~~~~^^^^^^^^^^^^^^^^^^
                             # no special security
                             ^^^^^^^^^^^^^^^^^^^^^
    ...<4 lines>...
                             cwd,
                             ^^^^
                             startupinfo)
                             ^^^^^^^^^^^^
FileNotFoundError: [WinError 2] The system cannot find the file specified

During handling of the above exception, another exception occurred:

Traceback (most recent call last):
  File "<frozen runpy>", line 198, in _run_module_as_main
  File "<frozen runpy>", line 88, in _run_code
  File "C:\Users\Floris\Documents\interlanguage\04_mirrors\id\measure-theoretic-probability-stochastic-processes-id\tmp\quantecon-offline-replay\Scripts\jb.exe\__main__.py", line 6, in <module>
    sys.exit(main())
             ~~~~^^
  File "C:\Users\Floris\Documents\interlanguage\04_mirrors\id\measure-theoretic-probability-stochastic-processes-id\tmp\quantecon-offline-replay\Lib\site-packages\click\core.py", line 1569, in __call__
    return self.main(*args, **kwargs)
           ~~~~~~~~~^^^^^^^^^^^^^^^^^
  File "C:\Users\Floris\Documents\interlanguage\04_mirrors\id\measure-theoretic-probability-stochastic-processes-id\tmp\quantecon-offline-replay\Lib\site-packages\click\core.py", line 1490, in main
    rv = self.invoke(ctx)
  File "C:\Users\Floris\Documents\interlanguage\04_mirrors\id\measure-theoretic-probability-stochastic-processes-id\tmp\quantecon-offline-replay\Lib\site-packages\click\core.py", line 1970, in invoke
    return _process_result(sub_ctx.command.invoke(sub_ctx))
                           ~~~~~~~~~~~~~~~~~~~~~~^^^^^^^^^
  File "C:\Users\Floris\Documents\interlanguage\04_mirrors\id\measure-theoretic-probability-stochastic-processes-id\tmp\quantecon-offline-replay\Lib\site-packages\click\core.py", line 1353, in invoke
    return ctx.invoke(self.callback, **ctx.params)
           ~~~~~~~~~~^^^^^^^^^^^^^^^^^^^^^^^^^^^^^
  File "C:\Users\Floris\Documents\interlanguage\04_mirrors\id\measure-theoretic-probability-stochastic-processes-id\tmp\quantecon-offline-replay\Lib\site-packages\click\core.py", line 907, in invoke
    return callback(*args, **kwargs)
  File "C:\Users\Floris\Documents\interlanguage\04_mirrors\id\measure-theoretic-probability-stochastic-processes-id\tmp\quantecon-offline-replay\Lib\site-packages\jupyter_book\cli\main.py", line 317, in build
    builder_specific_actions(
    ~~~~~~~~~~~~~~~~~~~~~~~~^
        result, builder, OUTPUT_PATH, build_type, PAGE_NAME, click.echo
        ^^^^^^^^^^^^^^^^^^^^^^^^^^^^^^^^^^^^^^^^^^^^^^^^^^^^^^^^^^^^^^^
    )
    ^
  File "C:\Users\Floris\Documents\interlanguage\04_mirrors\id\measure-theoretic-probability-stochastic-processes-id\tmp\quantecon-offline-replay\Lib\site-packages\jupyter_book\cli\main.py", line 609, in builder_specific_actions
    _error("Error: Failed to run: %s" % makecmd)
    ~~~~~~^^^^^^^^^^^^^^^^^^^^^^^^^^^^^^^^^^^^^^
  File "C:\Users\Floris\Documents\interlanguage\04_mirrors\id\measure-theoretic-probability-stochastic-processes-id\tmp\quantecon-offline-replay\Lib\site-packages\jupyter_book\utils.py", line 48, in _error
    raise kind(box)
RuntimeError: 
===============================================================================

Error: Failed to run: make.bat

===============================================================================

