perl: warning: Setting locale failed.
perl: warning: Please check that your locale settings:
	LC_ALL = "C.UTF-8",
	LC_CTYPE = "C.UTF-8",
	LC_NUMERIC = (unset),
	LC_COLLATE = (unset),
	LC_TIME = (unset),
	LC_MONETARY = (unset),
	LANG = "C.UTF-8"
    are supported and installed on your system.
perl: warning: Falling back to the system default locale ("English_United States.1252").
Initial Win CP for (console input, console output, system): (CP1252, CP65001, CP1252)
I changed them all to CP1252
Rc files read (in order):
  ./latexmkrc
Latexmk: This is Latexmk, John Collins, 9 March 2026. Version 4.88.
No existing .aux file, so I'll make a simple one, and require run of *latex.
Latexmk: applying rule 'pdflatex'...
Rule 'pdflatex':  Reasons for rerun
Category 'other':
  Rerun of 'pdflatex' forced or previously required:
    Reason or flag: 'Initial setup'

------------
Run number 1 of rule 'pdflatex'
------------
------------
Running 'xelatex    -disable-installer -recorder  "book.tex"'
------------
This is XeTeX, Version 3.141592653-2.6-0.999998 (MiKTeX 26.5) (preloaded format=xelatex.fmt)
 restricted \write18 enabled.
entering extended mode
(book.tex
LaTeX2e <2025-11-01>
L3 programming layer <2026-03-20>
(jupyterBook.cls
Document Class: jupyterBook 2020/11/06
(C:\Users\Floris\AppData\Local\Programs\MiKTeX\tex/latex/xcolor\xcolor.sty
(C:\Users\Floris\AppData\Local\Programs\MiKTeX\tex/latex/graphics-cfg\color.cfg
)
(C:\Users\Floris\AppData\Local\Programs\MiKTeX\tex/latex/graphics-def\xetex.def
)
(C:\Users\Floris\AppData\Local\Programs\MiKTeX\tex/latex/graphics\mathcolor.ltx
)) (C:\Users\Floris\AppData\Local\Programs\MiKTeX\tex/latex/base\inputenc.sty

Package inputenc Warning: inputenc package ignored with utf8 based engines.

)
(C:\Users\Floris\AppData\Local\Programs\MiKTeX\tex/latex/graphics\graphicx.sty
(C:\Users\Floris\AppData\Local\Programs\MiKTeX\tex/latex/graphics\keyval.sty)
(C:\Users\Floris\AppData\Local\Programs\MiKTeX\tex/latex/graphics\graphics.sty
(C:\Users\Floris\AppData\Local\Programs\MiKTeX\tex/latex/graphics\trig.sty)
(C:\Users\Floris\AppData\Local\Programs\MiKTeX\tex/latex/graphics-cfg\graphics.
cfg)))
(C:\Users\Floris\AppData\Local\Programs\MiKTeX\tex/latex/amsmath\amsmath.sty
For additional information on amsmath, use the `?' option.
(C:\Users\Floris\AppData\Local\Programs\MiKTeX\tex/latex/amsmath\amstext.sty
(C:\Users\Floris\AppData\Local\Programs\MiKTeX\tex/latex/amsmath\amsgen.sty))
(C:\Users\Floris\AppData\Local\Programs\MiKTeX\tex/latex/amsmath\amsbsy.sty)
(C:\Users\Floris\AppData\Local\Programs\MiKTeX\tex/latex/amsmath\amsopn.sty))
(C:\Users\Floris\AppData\Local\Programs\MiKTeX\tex/latex/amsfonts\amssymb.sty
(C:\Users\Floris\AppData\Local\Programs\MiKTeX\tex/latex/amsfonts\amsfonts.sty)
) (C:\Users\Floris\AppData\Local\Programs\MiKTeX\tex/latex/amsmath\amscd.sty)
(C:\Users\Floris\AppData\Local\Programs\MiKTeX\tex/latex/jknappen\mathrsfs.sty)

(C:\Users\Floris\AppData\Local\Programs\MiKTeX\tex/latex/pgf/frontendlayer\tikz
.sty
(C:\Users\Floris\AppData\Local\Programs\MiKTeX\tex/latex/pgf/basiclayer\pgf.sty

(C:\Users\Floris\AppData\Local\Programs\MiKTeX\tex/latex/pgf/utilities\pgfrcs.s
ty
(C:\Users\Floris\AppData\Local\Programs\MiKTeX\tex/generic/pgf/utilities\pgfuti
l-common.tex)
(C:\Users\Floris\AppData\Local\Programs\MiKTeX\tex/generic/pgf/utilities\pgfuti
l-latex.def)
(C:\Users\Floris\AppData\Local\Programs\MiKTeX\tex/generic/pgf/utilities\pgfrcs
.code.tex
(C:\Users\Floris\AppData\Local\Programs\MiKTeX\tex/generic/pgf\pgf.revision.tex
)))
(C:\Users\Floris\AppData\Local\Programs\MiKTeX\tex/latex/pgf/basiclayer\pgfcore
.sty
(C:\Users\Floris\AppData\Local\Programs\MiKTeX\tex/latex/pgf/systemlayer\pgfsys
.sty
(C:\Users\Floris\AppData\Local\Programs\MiKTeX\tex/generic/pgf/systemlayer\pgfs
ys.code.tex
(C:\Users\Floris\AppData\Local\Programs\MiKTeX\tex/generic/pgf/utilities\pgfkey
s.code.tex
(C:\Users\Floris\AppData\Local\Programs\MiKTeX\tex/generic/pgf/utilities\pgfkey
slibraryfiltered.code.tex))
(C:\Users\Floris\AppData\Local\Programs\MiKTeX\tex/generic/pgf/systemlayer\pgf.
cfg)
(C:\Users\Floris\AppData\Local\Programs\MiKTeX\tex/generic/pgf/systemlayer\pgfs
ys-xetex.def
(C:\Users\Floris\AppData\Local\Programs\MiKTeX\tex/generic/pgf/systemlayer\pgfs
ys-dvipdfmx.def
(C:\Users\Floris\AppData\Local\Programs\MiKTeX\tex/generic/pgf/systemlayer\pgfs
ys-common-pdf.def))))
(C:\Users\Floris\AppData\Local\Programs\MiKTeX\tex/generic/pgf/systemlayer\pgfs
yssoftpath.code.tex)
(C:\Users\Floris\AppData\Local\Programs\MiKTeX\tex/generic/pgf/systemlayer\pgfs
ysprotocol.code.tex))
(C:\Users\Floris\AppData\Local\Programs\MiKTeX\tex/generic/pgf/basiclayer\pgfco
re.code.tex
(C:\Users\Floris\AppData\Local\Programs\MiKTeX\tex/generic/pgf/math\pgfmath.cod
e.tex
(C:\Users\Floris\AppData\Local\Programs\MiKTeX\tex/generic/pgf/math\pgfmathutil
.code.tex)
(C:\Users\Floris\AppData\Local\Programs\MiKTeX\tex/generic/pgf/math\pgfmathpars
er.code.tex)
(C:\Users\Floris\AppData\Local\Programs\MiKTeX\tex/generic/pgf/math\pgfmathfunc
tions.code.tex)
(C:\Users\Floris\AppData\Local\Programs\MiKTeX\tex/generic/pgf/math\pgfmathfunc
tions.basic.code.tex)
(C:\Users\Floris\AppData\Local\Programs\MiKTeX\tex/generic/pgf/math\pgfmathfunc
tions.trigonometric.code.tex)
(C:\Users\Floris\AppData\Local\Programs\MiKTeX\tex/generic/pgf/math\pgfmathfunc
tions.random.code.tex)
(C:\Users\Floris\AppData\Local\Programs\MiKTeX\tex/generic/pgf/math\pgfmathfunc
tions.comparison.code.tex)
(C:\Users\Floris\AppData\Local\Programs\MiKTeX\tex/generic/pgf/math\pgfmathfunc
tions.base.code.tex)
(C:\Users\Floris\AppData\Local\Programs\MiKTeX\tex/generic/pgf/math\pgfmathfunc
tions.round.code.tex)
(C:\Users\Floris\AppData\Local\Programs\MiKTeX\tex/generic/pgf/math\pgfmathfunc
tions.misc.code.tex)
(C:\Users\Floris\AppData\Local\Programs\MiKTeX\tex/generic/pgf/math\pgfmathfunc
tions.integerarithmetics.code.tex)
(C:\Users\Floris\AppData\Local\Programs\MiKTeX\tex/generic/pgf/math\pgfmathcalc
.code.tex)
(C:\Users\Floris\AppData\Local\Programs\MiKTeX\tex/generic/pgf/math\pgfmathfloa
t.code.tex))
(C:\Users\Floris\AppData\Local\Programs\MiKTeX\tex/generic/pgf/math\pgfint.code
.tex)
(C:\Users\Floris\AppData\Local\Programs\MiKTeX\tex/generic/pgf/basiclayer\pgfco
repoints.code.tex)
(C:\Users\Floris\AppData\Local\Programs\MiKTeX\tex/generic/pgf/basiclayer\pgfco
repathconstruct.code.tex)
(C:\Users\Floris\AppData\Local\Programs\MiKTeX\tex/generic/pgf/basiclayer\pgfco
repathusage.code.tex)
(C:\Users\Floris\AppData\Local\Programs\MiKTeX\tex/generic/pgf/basiclayer\pgfco
rescopes.code.tex)
(C:\Users\Floris\AppData\Local\Programs\MiKTeX\tex/generic/pgf/basiclayer\pgfco
regraphicstate.code.tex)
(C:\Users\Floris\AppData\Local\Programs\MiKTeX\tex/generic/pgf/basiclayer\pgfco
retransformations.code.tex)
(C:\Users\Floris\AppData\Local\Programs\MiKTeX\tex/generic/pgf/basiclayer\pgfco
requick.code.tex)
(C:\Users\Floris\AppData\Local\Programs\MiKTeX\tex/generic/pgf/basiclayer\pgfco
reobjects.code.tex)
(C:\Users\Floris\AppData\Local\Programs\MiKTeX\tex/generic/pgf/basiclayer\pgfco
repathprocessing.code.tex)
(C:\Users\Floris\AppData\Local\Programs\MiKTeX\tex/generic/pgf/basiclayer\pgfco
rearrows.code.tex)
(C:\Users\Floris\AppData\Local\Programs\MiKTeX\tex/generic/pgf/basiclayer\pgfco
reshade.code.tex)
(C:\Users\Floris\AppData\Local\Programs\MiKTeX\tex/generic/pgf/basiclayer\pgfco
reimage.code.tex)
(C:\Users\Floris\AppData\Local\Programs\MiKTeX\tex/generic/pgf/basiclayer\pgfco
reexternal.code.tex)
(C:\Users\Floris\AppData\Local\Programs\MiKTeX\tex/generic/pgf/basiclayer\pgfco
relayers.code.tex)
(C:\Users\Floris\AppData\Local\Programs\MiKTeX\tex/generic/pgf/basiclayer\pgfco
retransparency.code.tex)
(C:\Users\Floris\AppData\Local\Programs\MiKTeX\tex/generic/pgf/basiclayer\pgfco
repatterns.code.tex)
(C:\Users\Floris\AppData\Local\Programs\MiKTeX\tex/generic/pgf/basiclayer\pgfco
rerdf.code.tex)))
(C:\Users\Floris\AppData\Local\Programs\MiKTeX\tex/generic/pgf/modules\pgfmodul
eshapes.code.tex)
(C:\Users\Floris\AppData\Local\Programs\MiKTeX\tex/generic/pgf/modules\pgfmodul
eplot.code.tex)
(C:\Users\Floris\AppData\Local\Programs\MiKTeX\tex/latex/pgf/compatibility\pgfc
omp-version-0-65.sty)
(C:\Users\Floris\AppData\Local\Programs\MiKTeX\tex/latex/pgf/compatibility\pgfc
omp-version-1-18.sty))
(C:\Users\Floris\AppData\Local\Programs\MiKTeX\tex/latex/pgf/utilities\pgffor.s
ty
(C:\Users\Floris\AppData\Local\Programs\MiKTeX\tex/latex/pgf/utilities\pgfkeys.
sty
(C:\Users\Floris\AppData\Local\Programs\MiKTeX\tex/generic/pgf/utilities\pgfkey
s.code.tex))
(C:\Users\Floris\AppData\Local\Programs\MiKTeX\tex/latex/pgf/math\pgfmath.sty
(C:\Users\Floris\AppData\Local\Programs\MiKTeX\tex/generic/pgf/math\pgfmath.cod
e.tex))
(C:\Users\Floris\AppData\Local\Programs\MiKTeX\tex/generic/pgf/utilities\pgffor
.code.tex))
(C:\Users\Floris\AppData\Local\Programs\MiKTeX\tex/generic/pgf/frontendlayer/ti
kz\tikz.code.tex
(C:\Users\Floris\AppData\Local\Programs\MiKTeX\tex/generic/pgf/libraries\pgflib
raryplothandlers.code.tex)
(C:\Users\Floris\AppData\Local\Programs\MiKTeX\tex/generic/pgf/modules\pgfmodul
ematrix.code.tex)
(C:\Users\Floris\AppData\Local\Programs\MiKTeX\tex/generic/pgf/frontendlayer/ti
kz/libraries\tikzlibrarytopaths.code.tex)))
(C:\Users\Floris\AppData\Local\Programs\MiKTeX\tex/generic/pgf/frontendlayer/ti
kz/libraries\tikzlibraryarrows.code.tex
(C:\Users\Floris\AppData\Local\Programs\MiKTeX\tex/generic/pgf/libraries\pgflib
raryarrows.code.tex))
(C:\Users\Floris\AppData\Local\Programs\MiKTeX\tex/generic/pgf/frontendlayer/ti
kz/libraries\tikzlibrarycalc.code.tex)
(C:\Users\Floris\AppData\Local\Programs\MiKTeX\tex/generic/pgf/frontendlayer/ti
kz/libraries\tikzlibraryintersections.code.tex
(C:\Users\Floris\AppData\Local\Programs\MiKTeX\tex/generic/pgf/libraries\pgflib
raryintersections.code.tex
(C:\Users\Floris\AppData\Local\Programs\MiKTeX\tex/generic/pgf/libraries\pgflib
raryfpu.code.tex)))
(C:\Users\Floris\AppData\Local\Programs\MiKTeX\tex/generic/pgf/frontendlayer/ti
kz/libraries\tikzlibrarydecorations.code.tex
(C:\Users\Floris\AppData\Local\Programs\MiKTeX\tex/generic/pgf/modules\pgfmodul
edecorations.code.tex))
(C:\Users\Floris\AppData\Local\Programs\MiKTeX\tex/latex/pgfplots\pgfplots.sty
(C:\Users\Floris\AppData\Local\Programs\MiKTeX\tex/generic/pgfplots\pgfplots.re
vision.tex)
(C:\Users\Floris\AppData\Local\Programs\MiKTeX\tex/generic/pgfplots\pgfplots.co
de.tex
(C:\Users\Floris\AppData\Local\Programs\MiKTeX\tex/generic/pgfplots\pgfplotscor
e.code.tex
(C:\Users\Floris\AppData\Local\Programs\MiKTeX\tex/generic/pgfplots/sys\pgfplot
ssysgeneric.code.tex))
(C:\Users\Floris\AppData\Local\Programs\MiKTeX\tex/generic/pgfplots/libs\pgfplo
tslibrary.code.tex)
(C:\Users\Floris\AppData\Local\Programs\MiKTeX\tex/generic/pgfplots/oldpgfcompa
tib\pgfplotsoldpgfsupp_loader.code.tex
Package pgfplots: loading complementary utilities for your pgf version...

(C:\Users\Floris\AppData\Local\Programs\MiKTeX\tex/generic/pgfplots/oldpgfcompa
tib\pgfplotsoldpgfsupp_pgfutil-common-lists.tex))
(C:\Users\Floris\AppData\Local\Programs\MiKTeX\tex/generic/pgfplots/util\pgfplo
tsutil.code.tex
(C:\Users\Floris\AppData\Local\Programs\MiKTeX\tex/generic/pgfplots/liststructu
re\pgfplotsliststructure.code.tex)
(C:\Users\Floris\AppData\Local\Programs\MiKTeX\tex/generic/pgfplots/liststructu
re\pgfplotsliststructureext.code.tex)
(C:\Users\Floris\AppData\Local\Programs\MiKTeX\tex/generic/pgfplots/liststructu
re\pgfplotsarray.code.tex)
(C:\Users\Floris\AppData\Local\Programs\MiKTeX\tex/generic/pgfplots/liststructu
re\pgfplotsmatrix.code.tex)
(C:\Users\Floris\AppData\Local\Programs\MiKTeX\tex/generic/pgfplots/numtable\pg
fplotstableshared.code.tex)
(C:\Users\Floris\AppData\Local\Programs\MiKTeX\tex/generic/pgfplots/liststructu
re\pgfplotsdeque.code.tex)
(C:\Users\Floris\AppData\Local\Programs\MiKTeX\tex/generic/pgfplots/util\pgfplo
tsbinary.code.tex
(C:\Users\Floris\AppData\Local\Programs\MiKTeX\tex/generic/pgfplots/util\pgfplo
tsbinary.data.code.tex))
(C:\Users\Floris\AppData\Local\Programs\MiKTeX\tex/generic/pgfplots/util\pgfplo
tsutil.verb.code.tex)
(C:\Users\Floris\AppData\Local\Programs\MiKTeX\tex/generic/pgfplots/libs\pgflib
rarypgfplots.surfshading.code.tex
(C:\Users\Floris\AppData\Local\Programs\MiKTeX\tex/generic/pgfplots/sys\pgflibr
arypgfplots.surfshading.pgfsys-xetex.def
(C:\Users\Floris\AppData\Local\Programs\MiKTeX\tex/generic/pgfplots/sys\pgflibr
arypgfplots.surfshading.pgfsys-dvipdfmx.def))))
(C:\Users\Floris\AppData\Local\Programs\MiKTeX\tex/generic/pgfplots/util\pgfplo
tscolormap.code.tex
(C:\Users\Floris\AppData\Local\Programs\MiKTeX\tex/generic/pgfplots/util\pgfplo
tscolor.code.tex))
(C:\Users\Floris\AppData\Local\Programs\MiKTeX\tex/generic/pgfplots\pgfplotssta
ckedplots.code.tex)
(C:\Users\Floris\AppData\Local\Programs\MiKTeX\tex/generic/pgfplots\pgfplotsplo
thandlers.code.tex
(C:\Users\Floris\AppData\Local\Programs\MiKTeX\tex/generic/pgfplots\pgfplotsmes
hplothandler.code.tex
(C:\Users\Floris\AppData\Local\Programs\MiKTeX\tex/generic/pgfplots\pgfplotsmes
hplotimage.code.tex)))
(C:\Users\Floris\AppData\Local\Programs\MiKTeX\tex/generic/pgfplots\pgfplots.sc
aling.code.tex)
(C:\Users\Floris\AppData\Local\Programs\MiKTeX\tex/generic/pgfplots\pgfplotscoo
rdprocessing.code.tex)
(C:\Users\Floris\AppData\Local\Programs\MiKTeX\tex/generic/pgfplots\pgfplots.er
rorbars.code.tex)
(C:\Users\Floris\AppData\Local\Programs\MiKTeX\tex/generic/pgfplots\pgfplots.ma
rkers.code.tex)
(C:\Users\Floris\AppData\Local\Programs\MiKTeX\tex/generic/pgfplots\pgfplotstic
ks.code.tex)
(C:\Users\Floris\AppData\Local\Programs\MiKTeX\tex/generic/pgfplots\pgfplots.pa
ths.code.tex)
(C:\Users\Floris\AppData\Local\Programs\MiKTeX\tex/generic/pgf/frontendlayer/ti
kz/libraries\tikzlibrarydecorations.pathmorphing.code.tex
(C:\Users\Floris\AppData\Local\Programs\MiKTeX\tex/generic/pgf/libraries/decora
tions\pgflibrarydecorations.pathmorphing.code.tex))
(C:\Users\Floris\AppData\Local\Programs\MiKTeX\tex/generic/pgf/frontendlayer/ti
kz/libraries\tikzlibrarydecorations.pathreplacing.code.tex
(C:\Users\Floris\AppData\Local\Programs\MiKTeX\tex/generic/pgf/libraries/decora
tions\pgflibrarydecorations.pathreplacing.code.tex))
(C:\Users\Floris\AppData\Local\Programs\MiKTeX\tex/generic/pgfplots/libs\tikzli
brarypgfplots.contourlua.code.tex))
(C:\Users\Floris\AppData\Local\Programs\MiKTeX\tex/generic/pgf/frontendlayer/ti
kz/libraries\tikzlibraryplotmarks.code.tex
(C:\Users\Floris\AppData\Local\Programs\MiKTeX\tex/generic/pgf/libraries\pgflib
raryplotmarks.code.tex)))
(C:\Users\Floris\AppData\Local\Programs\MiKTeX\tex/latex/bbm\bbm.sty)
(sphinxmanual.cls
Document Class: sphinxmanual 2019/12/01 v2.3.0 Document class (Sphinx manual)
(C:\Users\Floris\AppData\Local\Programs\MiKTeX\tex/latex/base\report.cls
Document Class: report 2025/01/22 v1.4n Standard LaTeX document class
(C:\Users\Floris\AppData\Local\Programs\MiKTeX\tex/latex/base\size10.clo)))
(C:\Users\Floris\AppData\Local\Programs\MiKTeX\tex/latex/changepage\changepage.
sty)) (C:\Users\Floris\AppData\Local\Programs\MiKTeX\tex/latex/cmap\cmap.sty

Package cmap Warning: pdftex not detected - exiting.

)
(C:\Users\Floris\AppData\Local\Programs\MiKTeX\tex/latex/fontspec\fontspec.sty
(C:\Users\Floris\AppData\Local\Programs\MiKTeX\tex/latex/l3packages/xparse\xpar
se.sty
(C:\Users\Floris\AppData\Local\Programs\MiKTeX\tex/latex/l3kernel\expl3.sty
(C:\Users\Floris\AppData\Local\Programs\MiKTeX\tex/latex/l3backend\l3backend-xe
tex.def)))
(C:\Users\Floris\AppData\Local\Programs\MiKTeX\tex/latex/fontspec\fontspec-xete
x.sty (C:\Users\Floris\AppData\Local\Programs\MiKTeX\tex/latex/base\fontenc.sty
)
(C:\Users\Floris\AppData\Local\Programs\MiKTeX\tex/latex/fontspec\fontspec.cfg)
))
(C:\Users\Floris\AppData\Local\Programs\MiKTeX\tex/latex/polyglossia\polyglossi
a.sty
(C:\Users\Floris\AppData\Local\Programs\MiKTeX\tex/latex/etoolbox\etoolbox.sty)
 (C:\Users\Floris\AppData\Local\Programs\MiKTeX\tex/generic/iftex\iftex.sty)
(C:\Users\Floris\AppData\Local\Programs\MiKTeX\tex/latex/polyglossia\gloss-late
x.ldf))
(C:\Users\Floris\AppData\Local\Programs\MiKTeX\tex/latex/polyglossia\gloss-engl
ish.ldf)
(C:\Users\Floris\AppData\Local\Programs\MiKTeX\tex/latex/fncychap\fncychap.sty)
 (sphinx.sty
(C:\Users\Floris\AppData\Local\Programs\MiKTeX\tex/generic/ltxcmds\ltxcmds.sty)

(C:\Users\Floris\AppData\Local\Programs\MiKTeX\tex/latex/kvoptions\kvoptions.st
y
(C:\Users\Floris\AppData\Local\Programs\MiKTeX\tex/latex/kvsetkeys\kvsetkeys.st
y)) (sphinxoptionshyperref.sty) (sphinxoptionsgeometry.sty)
(C:\Users\Floris\AppData\Local\Programs\MiKTeX\tex/latex/base\textcomp.sty)
(C:\Users\Floris\AppData\Local\Programs\MiKTeX\tex/latex/float\float.sty)
(C:\Users\Floris\AppData\Local\Programs\MiKTeX\tex/latex/wrapfig\wrapfig.sty)
(C:\Users\Floris\AppData\Local\Programs\MiKTeX\tex/latex/capt-of\capt-of.sty)
(C:\Users\Floris\AppData\Local\Programs\MiKTeX\tex/latex/tools\multicol.sty)
(sphinxlatexgraphics.sty) (sphinxpackageboxes.sty
(C:\Users\Floris\AppData\Local\Programs\MiKTeX\tex/latex/pict2e\pict2e.sty
(C:\Users\Floris\AppData\Local\Programs\MiKTeX\tex/latex/pict2e\pict2e.cfg)
(C:\Users\Floris\AppData\Local\Programs\MiKTeX\tex/latex/pict2e\p2e-xetex.def))
 (C:\Users\Floris\AppData\Local\Programs\MiKTeX\tex/latex/ellipse\ellipse.sty))
 (sphinxlatexadmonitions.sty
(C:\Users\Floris\AppData\Local\Programs\MiKTeX\tex/latex/framed\framed.sty))
(sphinxlatexliterals.sty
(C:\Users\Floris\AppData\Local\Programs\MiKTeX\tex/latex/fancyvrb\fancyvrb.sty)
 (C:\Users\Floris\AppData\Local\Programs\MiKTeX\tex/latex/base\alltt.sty)
(C:\Users\Floris\AppData\Local\Programs\MiKTeX\tex/latex/upquote\upquote.sty)
(C:\Users\Floris\AppData\Local\Programs\MiKTeX\tex/latex/needspace\needspace.st
y)) (sphinxlatexshadowbox.sty) (sphinxlatexcontainers.sty) (sphinxhighlight.sty
) (sphinxlatextables.sty
(C:\Users\Floris\AppData\Local\Programs\MiKTeX\tex/latex/tabulary\tabulary.sty
(C:\Users\Floris\AppData\Local\Programs\MiKTeX\tex/latex/tools\array.sty))
(C:\Users\Floris\AppData\Local\Programs\MiKTeX\tex/latex/tools\longtable.sty)
(C:\Users\Floris\AppData\Local\Programs\MiKTeX\tex/latex/varwidth\varwidth.sty)

==> First Aid for varwidth.sty applied!
(C:\Users\Floris\AppData\Local\Programs\MiKTeX\tex/latex/colortbl\colortbl.sty)
 (C:\Users\Floris\AppData\Local\Programs\MiKTeX\tex/latex/booktabs\booktabs.sty
)) (sphinxlatexnumfig.sty) (sphinxlatexlists.sty) (sphinxpackagefootnote.sty)
(sphinxlatexindbibtoc.sty
(C:\Users\Floris\AppData\Local\Programs\MiKTeX\tex/latex/base\makeidx.sty))
(sphinxlatexstylepage.sty
(C:\Users\Floris\AppData\Local\Programs\MiKTeX\tex/latex/parskip\parskip.sty
(C:\Users\Floris\AppData\Local\Programs\MiKTeX\tex/latex/parskip\parskip-2001-0
4-09.sty))
(C:\Users\Floris\AppData\Local\Programs\MiKTeX\tex/latex/fancyhdr\fancyhdr.sty)
) (sphinxlatexstyleheadings.sty
(C:\Users\Floris\AppData\Local\Programs\MiKTeX\tex/latex/titlesec\titlesec.sty)
) (sphinxlatexstyletext.sty) (sphinxlatexobjects.sty))
(C:\Users\Floris\AppData\Local\Programs\MiKTeX\tex/latex/geometry\geometry.sty
(C:\Users\Floris\AppData\Local\Programs\MiKTeX\tex/generic/iftex\ifvtex.sty)
(C:\Users\Floris\AppData\Local\Programs\MiKTeX\tex/latex/geometry\geometry.cfg)
)
(C:\Users\Floris\AppData\Local\Programs\MiKTeX\tex/latex/hyperref\hyperref.sty
(C:\Users\Floris\AppData\Local\Programs\MiKTeX\tex/generic/kvdefinekeys\kvdefin
ekeys.sty)
(C:\Users\Floris\AppData\Local\Programs\MiKTeX\tex/generic/pdfescape\pdfescape.
sty
(C:\Users\Floris\AppData\Local\Programs\MiKTeX\tex/generic/pdftexcmds\pdftexcmd
s.sty
(C:\Users\Floris\AppData\Local\Programs\MiKTeX\tex/generic/infwarerr\infwarerr.
sty)))
(C:\Users\Floris\AppData\Local\Programs\MiKTeX\tex/latex/hycolor\hycolor.sty)
(C:\Users\Floris\AppData\Local\Programs\MiKTeX\tex/latex/hyperref\nameref.sty
(C:\Users\Floris\AppData\Local\Programs\MiKTeX\tex/latex/refcount\refcount.sty)

(C:\Users\Floris\AppData\Local\Programs\MiKTeX\tex/generic/gettitlestring\getti
tlestring.sty))
(C:\Users\Floris\AppData\Local\Programs\MiKTeX\tex/generic/stringenc\stringenc.
sty)
(C:\Users\Floris\AppData\Local\Programs\MiKTeX\tex/latex/hyperref\pd1enc.def)
(C:\Users\Floris\AppData\Local\Programs\MiKTeX\tex/generic/intcalc\intcalc.sty)
(C:\Users\Floris\AppData\Local\Programs\MiKTeX\tex/latex/hyperref\puenc.def)
(C:\Users\Floris\AppData\Local\Programs\MiKTeX\tex/latex/url\url.sty)
(C:\Users\Floris\AppData\Local\Programs\MiKTeX\tex/generic/bitset\bitset.sty
(C:\Users\Floris\AppData\Local\Programs\MiKTeX\tex/generic/bigintcalc\bigintcal
c.sty)))
(C:\Users\Floris\AppData\Local\Programs\MiKTeX\tex/latex/hyperref\hxetex.def
(C:\Users\Floris\AppData\Local\Programs\MiKTeX\tex/latex/rerunfilecheck\rerunfi
lecheck.sty
(C:\Users\Floris\AppData\Local\Programs\MiKTeX\tex/generic/uniquecounter\unique
counter.sty)))
(C:\Users\Floris\AppData\Local\Programs\MiKTeX\tex/latex/hypcap\hypcap.sty
(C:\Users\Floris\AppData\Local\Programs\MiKTeX\tex/latex/letltxmacro\letltxmacr
o.sty)) (sphinxmessages.sty)
(C:\Users\Floris\AppData\Local\Programs\MiKTeX\tex/xelatex/ucharclasses\ucharcl
asses.sty
(C:\Users\Floris\AppData\Local\Programs\MiKTeX\tex/generic/iftex\ifxetex.sty))
(C:\Users\Floris\AppData\Local\Programs\MiKTeX\tex/latex/unicode-math\unicode-m
ath.sty
(C:\Users\Floris\AppData\Local\Programs\MiKTeX\tex/latex/unicode-math\unicode-m
ath-xetex.sty
(C:\Users\Floris\AppData\Local\Programs\MiKTeX\tex/latex/l3packages/l3keys2e\l3
keys2e.sty)
(C:\Users\Floris\AppData\Local\Programs\MiKTeX\tex/latex/base\fix-cm.sty
(C:\Users\Floris\AppData\Local\Programs\MiKTeX\tex/latex/base\ts1enc.def))
(C:\Users\Floris\AppData\Local\Programs\MiKTeX\tex/latex/unicode-math\unicode-m
ath-table.tex)))
(C:\Users\Floris\AppData\Local\Programs\MiKTeX\tex/latex/hyperref\psdextra.def)
Writing index file book.idx
(book.aux)

Package pgfplots Warning: running in backwards compatibility mode (unsuitable t
ick labels; missing features). Consider writing \pgfplotsset{compat=1.18} into 
your preamble.
 on input line 96.


(C:\Users\Floris\AppData\Local\Programs\MiKTeX\tex/latex/fontawesome5\fontaweso
me5.sty
(C:\Users\Floris\AppData\Local\Programs\MiKTeX\tex/latex/fontawesome5\fontaweso
me5-utex-helper.sty
(C:\Users\Floris\AppData\Local\Programs\MiKTeX\tex/latex/fontawesome5\tufontawe
somefree.fd)
(C:\Users\Floris\AppData\Local\Programs\MiKTeX\tex/latex/fontawesome5\tufontawe
somebrands.fd)))
*geometry* driver: auto-detecting
*geometry* detected driver: xetex

Package hyperref Warning: Rerun to get /PageLabels entry.


Package hyperref Warning: Token not allowed in a PDF string (Unicode):
(hyperref)                removing `\spacefactor' on input line 99.


Package hyperref Warning: Token not allowed in a PDF string (Unicode):
(hyperref)                removing `\@m' on input line 99.


(C:\Users\Floris\AppData\Local\Programs\MiKTeX\tex/generic/stringenc\se-ascii-p
rint.def)
(C:\Users\Floris\AppData\Local\Programs\MiKTeX\tex/latex/amsfonts\umsa.fd)
(C:\Users\Floris\AppData\Local\Programs\MiKTeX\tex/latex/amsfonts\umsb.fd)
(C:\Users\Floris\AppData\Local\Programs\MiKTeX\tex/latex/jknappen\ursfs.fd)
[1] [2]
No file book.toc.
[1] [2]

LaTeX Warning: Hyper reference `memoryless::doc' on page 1 undefined on input l
ine 127.


LaTeX Warning: Hyper reference `poisson::doc' on page 1 undefined on input line
 131.


LaTeX Warning: Hyper reference `markov_prop::doc' on page 1 undefined on input 
line 135.


LaTeX Warning: Hyper reference `kolmogorov_bwd::doc' on page 1 undefined on inp
ut line 139.


LaTeX Warning: Hyper reference `kolmogorov_fwd::doc' on page 1 undefined on inp
ut line 143.


LaTeX Warning: Hyper reference `generators::doc' on page 1 undefined on input l
ine 147.


LaTeX Warning: Hyper reference `uc_mc_semigroups::doc' on page 1 undefined on i
nput line 151.


LaTeX Warning: Hyper reference `ergodicity::doc' on page 1 undefined on input l
ine 155.


LaTeX Warning: Hyper reference `status::doc' on page 1 undefined on input line 
159.


LaTeX Warning: Hyper reference `zreferences::doc' on page 1 undefined on input 
line 163.

[1] [2]
Chapter 1.
(C:\Users\Floris\AppData\Local\Programs\MiKTeX\tex/latex/bbm\ubbm.fd) [3]

LaTeX Warning: Reference `equation:memoryless:geodist' on page 4 undefined on i
nput line 292.


LaTeX Warning: Reference `equation:memoryless:memgeo' on page 4 undefined on in
put line 314.

[4]

LaTeX Warning: Reference `equation:memoryless:memexpo' on page 5 undefined on i
nput line 463.


LaTeX Warning: Reference `equation:memoryless:memexpo' on page 5 undefined on i
nput line 478.


LaTeX Warning: Reference `equation:memoryless:memexpo' on page 5 undefined on i
nput line 501.


LaTeX Warning: Reference `equation:memoryless:implex' on page 5 undefined on in
put line 520.


LaTeX Warning: Reference `equation:memoryless:implex' on page 5 undefined on in
put line 533.


LaTeX Warning: Reference `equation:memoryless:implex' on page 5 undefined on in
put line 536.

[5] [6] [7] [8] [9] [10]
Chapter 2.
[11]

LaTeX Warning: Reference `equation:poisson:poissondist' on page 12 undefined on
 input line 994.


LaTeX Warning: Hyper reference `memoryless:erlexp' on page 12 undefined on inpu
t line 1002.


LaTeX Warning: Reference `equation:memoryless:erlcdf' on page 12 undefined on i
nput line 1014.

[12]

LaTeX Warning: Hyper reference `memoryless:geomtoexp' on page 13 undefined on i
nput line 1093.

[13]

LaTeX Warning: Reference `equation:poisson:binpois' on page 14 undefined on inp
ut line 1159.

[14]
Overfull \vbox (2.81647pt too high) detected at line 1403
[15] [16] [17] [18]
Chapter 3.

LaTeX Warning: Hyper reference `intro::doc' on page 19 undefined on input line 
1510.

[19]

LaTeX Warning: Reference `equation:markov_prop:markovpropd' on page 20 undefine
d on input line 1621.

[20]

LaTeX Warning: Reference `equation:markov_prop:markovpropd' on page 21 undefine
d on input line 1641.


LaTeX Warning: Reference `equation:markov_prop:markovpropd' on page 21 undefine
d on input line 1665.


LaTeX Warning: Reference `equation:markov_prop:markovpropd' on page 21 undefine
d on input line 1695.


LaTeX Warning: Reference `equation:markov_prop:markovpropd' on page 21 undefine
d on input line 1729.


LaTeX Warning: Reference `equation:markov_prop:update_rule' on page 21 undefine
d on input line 1733.


LaTeX Warning: Reference `equation:markov_prop:update_rule' on page 21 undefine
d on input line 1740.


LaTeX Warning: Reference `equation:markov_prop:kernprod' on page 21 undefined o
n input line 1757.

[21Trying to make PK font bbm7 at 600 DPI...
The METAFONT mode is: ljfour
Creating bbm7.pk...
Running miktex-mf.exe...
This is METAFONT, Version 2.71828182 (MiKTeX 26.5)



(C:\Users\Floris\AppData\Local\Programs\MiKTeX\fonts/source/public/bbm\bbm7.mf

(C:\Users\Floris\AppData\Local\Programs\MiKTeX\fonts/source/public/bbm\blbbase.

mf

(C:\Users\Floris\AppData\Local\Programs\MiKTeX\fonts/source/public/cm\cmbase.mf

))

(C:\Users\Floris\AppData\Local\Programs\MiKTeX\fonts/source/public/bbm\blbord.m

f

(C:\Users\Floris\AppData\Local\Programs\MiKTeX\fonts/source/public/bbm\blbordu.

mf [65] [66] [67] [68] [69] [70] [71] [72] [73] [74] [75] [76] [77] [78]

[79] [80] [81] [82] [83] [84] [85] [86] [87] [88] [89] [90])

(C:\Users\Floris\AppData\Local\Programs\MiKTeX\fonts/source/public/bbm\blbordl.

mf [97] [98] [99] [100] [101] [102] [103] [104] [105] [106] [107] [108]

[109] [110] [111] [112] [113] [114] [115] [116] [117] [118] [119] [120]

[121] [122])

(C:\Users\Floris\AppData\Local\Programs\MiKTeX\fonts/source/public/bbm\blbordsp

.mf [49] [50] [40] [41] [91] [93]) ) )

Font metrics written on bbm7.tfm.

Output written on bbm7.600gf (58 characters, 12112 bytes).

Transcript written on bbm7.log.

Running miktex-gftopk.exe...
This is GFtoPK, Version 2.4 (MiKTeX 26.5)

'METAFONT output 2026.08.22:0630'

12112 bytes packed to 4860 bytes.

Installing C:\Users\Floris\AppData\Local\MiKTeX\fonts/pk/ljfour/public/bbm/dpi600\bbm7.pk...
]Making bbm8.tfm from C:\Users\Floris\AppData\Local\Programs\MiKTeX\fonts/source/public/bbm\bbm8.mf...
This is METAFONT, Version 2.71828182 (MiKTeX 26.5)
Running miktex-mf.exe...



(C:\Users\Floris\AppData\Local\Programs\MiKTeX\fonts/source/public/bbm\bbm8.mf

(C:\Users\Floris\AppData\Local\Programs\MiKTeX\fonts/source/public/bbm\blbbase.

mf

(C:\Users\Floris\AppData\Local\Programs\MiKTeX\fonts/source/public/cm\cmbase.mf

))

(C:\Users\Floris\AppData\Local\Programs\MiKTeX\fonts/source/public/bbm\blbord.m

f

(C:\Users\Floris\AppData\Local\Programs\MiKTeX\fonts/source/public/bbm\blbordu.

mf [65] [66] [67] [68] [69] [70] [71] [72] [73] [74] [75] [76] [77] [78]

[79] [80] [81] [82] [83] [84] [85] [86] [87] [88] [89] [90])

(C:\Users\Floris\AppData\Local\Programs\MiKTeX\fonts/source/public/bbm\blbordl.

mf [97] [98] [99] [100] [101] [102] [103] [104] [105] [106] [107] [108]

[109] [110] [111] [112] [113] [114] [115] [116] [117] [118] [119] [120]

[121] [122])

(C:\Users\Floris\AppData\Local\Programs\MiKTeX\fonts/source/public/bbm\blbordsp

.mf [49] [50] [40] [41] [91] [93]) ) )

Font metrics written on bbm8.tfm.

Output written on bbm8.600gf (58 characters, 13732 bytes).

Transcript written on bbm8.log.

Installing C:\Users\Floris\AppData\Local\MiKTeX\fonts/tfm/public/bbm\bbm8.tfm...
Making bbm6.tfm from C:\Users\Floris\AppData\Local\Programs\MiKTeX\fonts/source/public/bbm\bbm6.mf...
This is METAFONT, Version 2.71828182 (MiKTeX 26.5)
Running miktex-mf.exe...



(C:\Users\Floris\AppData\Local\Programs\MiKTeX\fonts/source/public/bbm\bbm6.mf

(C:\Users\Floris\AppData\Local\Programs\MiKTeX\fonts/source/public/bbm\blbbase.

mf

(C:\Users\Floris\AppData\Local\Programs\MiKTeX\fonts/source/public/cm\cmbase.mf

))

(C:\Users\Floris\AppData\Local\Programs\MiKTeX\fonts/source/public/bbm\blbord.m

f

(C:\Users\Floris\AppData\Local\Programs\MiKTeX\fonts/source/public/bbm\blbordu.

mf [65] [66] [67] [68] [69] [70] [71] [72] [73] [74] [75] [76] [77] [78]

[79] [80] [81] [82] [83] [84] [85] [86] [87] [88] [89] [90])

(C:\Users\Floris\AppData\Local\Programs\MiKTeX\fonts/source/public/bbm\blbordl.

mf [97] [98] [99] [100] [101] [102] [103] [104] [105] [106] [107] [108]

[109] [110] [111] [112] [113] [114] [115] [116] [117] [118] [119] [120]

[121] [122])

(C:\Users\Floris\AppData\Local\Programs\MiKTeX\fonts/source/public/bbm\blbordsp

.mf [49] [50] [40] [41] [91] [93]) ) )

Font metrics written on bbm6.tfm.

Output written on bbm6.600gf (58 characters, 10428 bytes).

Transcript written on bbm6.log.

Installing C:\Users\Floris\AppData\Local\MiKTeX\fonts/tfm/public/bbm\bbm6.tfm...


LaTeX Warning: Reference `equation:markov_prop:kernprodk' on page 22 undefined 
on input line 1781.


LaTeX Warning: Hyper reference `markov_prop:jdfin' on page 22 undefined on inpu
t line 1791.

[22]

LaTeX Warning: Reference `equation:markov_prop:mathjointd' on page 23 undefined
 on input line 1893.


LaTeX Warning: Reference `equation:markov_prop:markovprop' on page 23 undefined
 on input line 1907.


LaTeX Warning: Hyper reference `uc_mc_semigroups::doc' on page 23 undefined on 
input line 1955.

[23]

LaTeX Warning: Hyper reference `memoryless:fail-mem' on page 24 undefined on in
put line 2008.


LaTeX Warning: Hyper reference `memoryless:exp_unique' on page 24 undefined on 
input line 2029.

[24]

LaTeX Warning: Hyper reference `poisson::doc' on page 25 undefined on input lin
e 2067.


LaTeX Warning: Reference `equation:markov_prop:poissemi' on page 25 undefined o
n input line 2104.


LaTeX Warning: Reference `equation:markov_prop:markovprop' on page 25 undefined
 on input line 2104.


LaTeX Warning: Reference `equation:markov_prop:poissemi' on page 25 undefined o
n input line 2107.


LaTeX Warning: Reference `equation:markov_prop:poissemi' on page 25 undefined o
n input line 2113.

[25]

LaTeX Warning: Reference `equation:markov_prop:xfromy' on page 26 undefined on 
input line 2191.

[26] [27]

LaTeX Warning: Reference `equation:markov_prop:ijumpkern' on page 28 undefined 
on input line 2458.

[28]

LaTeX Warning: Hyper reference `poisson:restart-prop' on page 29 undefined on i
nput line 2491.


LaTeX Warning: Hyper reference `poisson:restart-prop' on page 29 undefined on i
nput line 2512.

[29]

LaTeX Warning: Reference `equation:markov_prop:ijumpkern' on page 30 undefined 
on input line 2602.


LaTeX Warning: Reference `equation:markov_prop:distflowconst' on page 30 undefi
ned on input line 2642.

[30]

LaTeX Warning: Reference `equation:markov_prop:poissemi' on page 31 undefined o
n input line 2711.


LaTeX Warning: Reference `equation:markov_prop:chapkol_ct2' on page 31 undefine
d on input line 2711.


LaTeX Warning: Reference `equation:markov_prop:chapkol_ct2' on page 31 undefine
d on input line 2770.


LaTeX Warning: Reference `equation:markov_prop:mathjointd' on page 31 undefined
 on input line 2779.


LaTeX Warning: Reference `equation:markov_prop:markovpropd' on page 31 undefine
d on input line 2790.


LaTeX Warning: Reference `equation:markov_prop:markovpropd' on page 31 undefine
d on input line 2801.


Overfull \vbox (1.39816pt too high) detected at line 2838
[31]

LaTeX Warning: Hyper reference `markov_prop:flow-fig' on page 32 undefined on i
nput line 2846.

[32] [33] [34]
Chapter 4.

LaTeX Warning: Hyper reference `markov_prop::doc' on page 35 undefined on input
 line 3022.

[35]

LaTeX Warning: Hyper reference `markov_prop:inventory-dynam' on page 36 undefin
ed on input line 3048.

[36]

LaTeX Warning: Hyper reference `kolmogorov_bwd:ejc_algo' on page 37 undefined o
n input line 3203.


LaTeX Warning: Reference `equation:kolmogorov_bwd:pt_split' on page 37 undefine
d on input line 3218.


LaTeX Warning: Reference `equation:kolmogorov_bwd:pt_split' on page 37 undefine
d on input line 3230.


LaTeX Warning: Reference `equation:kolmogorov_bwd:pt_split' on page 37 undefine
d on input line 3263.


LaTeX Warning: Reference `equation:kolmogorov_bwd:pt_first' on page 37 undefine
d on input line 3263.


LaTeX Warning: Reference `equation:kolmogorov_bwd:kbinteg' on page 37 undefined
 on input line 3264.

[37]

LaTeX Warning: Reference `equation:kolmogorov_bwd:kbinteg' on page 38 undefined
 on input line 3272.


LaTeX Warning: Reference `equation:kolmogorov_bwd:kbinteg' on page 38 undefined
 on input line 3275.


LaTeX Warning: Reference `equation:kolmogorov_bwd:kolbackeq' on page 38 undefin
ed on input line 3296.


LaTeX Warning: Reference `equation:kolmogorov_bwd:kbinteg' on page 38 undefined
 on input line 3305.


LaTeX Warning: Reference `equation:kolmogorov_bwd:kolbackeq' on page 38 undefin
ed on input line 3305.

[38]

LaTeX Warning: Reference `equation:kolmogorov_bwd:kolbackeq' on page 39 undefin
ed on input line 3320.


LaTeX Warning: Reference `equation:kolmogorov_bwd:expsol' on page 39 undefined 
on input line 3344.


LaTeX Warning: Reference `equation:kolmogorov_bwd:kolbackeq' on page 39 undefin
ed on input line 3345.


LaTeX Warning: Hyper reference `markov_prop:consjumptransemi' on page 39 undefi
ned on input line 3362.


LaTeX Warning: Reference `equation:kolmogorov_bwd:psolq' on page 39 undefined o
n input line 3366.

[39]

LaTeX Warning: Reference `equation:kolmogorov_bwd:psolq' on page 40 undefined o
n input line 3522.

[40] [41]

LaTeX Warning: Reference `equation:kolmogorov_bwd:psolq' on page 42 undefined o
n input line 3623.


LaTeX Warning: Hyper reference `markov_prop::doc' on page 42 undefined on input
 line 3624.

[42]

LaTeX Warning: Reference `equation:kolmogorov_bwd:kbinteg' on page 43 undefined
 on input line 3700.


LaTeX Warning: Reference `equation:kolmogorov_bwd:kolbackeq' on page 43 undefin
ed on input line 3700.


LaTeX Warning: Reference `equation:kolmogorov_bwd:kbinteg' on page 43 undefined
 on input line 3720.


LaTeX Warning: Reference `equation:kolmogorov_bwd:gdiff' on page 43 undefined o
n input line 3733.


LaTeX Warning: Reference `equation:kolmogorov_bwd:kolbackeq' on page 43 undefin
ed on input line 3754.


LaTeX Warning: Reference `equation:kolmogorov_bwd:expoderiv' on page 43 undefin
ed on input line 3803.

[43] [44]
Chapter 5.
[45]

LaTeX Warning: Hyper reference `markov_prop:invdistflows' on page 46 undefined 
on input line 3892.

[46]

LaTeX Warning: Hyper reference `markov_prop:finstatediscretemc' on page 47 unde
fined on input line 3919.


LaTeX Warning: Reference `equation:kolmogorov_fwd:gdiff2' on page 47 undefined 
on input line 3984.


LaTeX Warning: Hyper reference `markov_prop:jdfin' on page 47 undefined on inpu
t line 3988.

[47]

LaTeX Warning: Reference `equation:kolmogorov_fwd:ode_mc' on page 48 undefined 
on input line 4049.


LaTeX Warning: Reference `equation:kolmogorov_fwd:cmc_sol' on page 48 undefined
 on input line 4057.


LaTeX Warning: Reference `equation:kolmogorov_bwd:expoderiv' on page 48 undefin
ed on input line 4057.


LaTeX Warning: Hyper reference `kolmogorov_bwd::doc' on page 48 undefined on in
put line 4065.


LaTeX Warning: Reference `equation:kolmogorov_fwd:cmc_sol' on page 48 undefined
 on input line 4089.


LaTeX Warning: Reference `equation:kolmogorov_fwd:ode_mc' on page 48 undefined 
on input line 4089.


LaTeX Warning: Reference `equation:kolmogorov_fwd:ode_mc' on page 48 undefined 
on input line 4092.


LaTeX Warning: Reference `equation:kolmogorov_fwd:cmc_sol' on page 48 undefined
 on input line 4095.

[48]

LaTeX Warning: Hyper reference `kolmogorov_bwd:jctosg' on page 49 undefined on 
input line 4235.

[49]

LaTeX Warning: Hyper reference `kolmogorov_bwd:ejc_algo' on page 50 undefined o
n input line 4259.

[50]

LaTeX Warning: Hyper reference `kolmogorov_bwd:sdji' on page 51 undefined on in
put line 4433.


LaTeX Warning: Reference `equation:kolmogorov_fwd:genfl' on page 51 undefined o
n input line 4449.

[51]

LaTeX Warning: Reference `equation:kolmogorov_fwd:qeqagain' on page 52 undefine
d on input line 4458.


LaTeX Warning: Hyper reference `kolmogorov_fwd:intvsmk' on page 52 undefined on
 input line 4485.


LaTeX Warning: Hyper reference `kolmogorov_bwd:jctosg' on page 52 undefined on 
input line 4485.


LaTeX Warning: Hyper reference `kolmogorov_bwd:jctosg' on page 52 undefined on 
input line 4501.

[52]
Chapter 6.
[53]

LaTeX Warning: Reference `equation:generators:abscp' on page 54 undefined on in
put line 4662.


LaTeX Warning: Reference `equation:generators:abscp' on page 54 undefined on in
put line 4674.


LaTeX Warning: Reference `equation:generators:abscp' on page 54 undefined on in
put line 4683.


LaTeX Warning: Reference `equation:generators:norml' on page 54 undefined on in
put line 4735.

[54]

LaTeX Warning: Reference `equation:generators:opexpo' on page 55 undefined on i
nput line 4773.


LaTeX Warning: Reference `equation:generators:devlim' on page 55 undefined on i
nput line 4828.


LaTeX Warning: Hyper reference `kolmogorov_fwd::doc' on page 55 undefined on in
put line 4844.


LaTeX Warning: Reference `equation:generators:devlim' on page 55 undefined on i
nput line 4852.

[55]

LaTeX Warning: Hyper reference `generators:diffexpmap' on page 56 undefined on 
input line 4952.

[56]

LaTeX Warning: Reference `equation:generators:defgenr' on page 57 undefined on 
input line 5021.


LaTeX Warning: Reference `equation:generators:defgenr' on page 57 undefined on 
input line 5028.

[57]

LaTeX Warning: Hyper reference `generators:ecuc' on page 58 undefined on input 
line 5060.


LaTeX Warning: Hyper reference `generators:ucsgec' on page 58 undefined on inpu
t line 5090.


LaTeX Warning: Hyper reference `memoryless:exp_unique' on page 58 undefined on 
input line 5117.


LaTeX Warning: Hyper reference `generators:ucsgec' on page 58 undefined on inpu
t line 5125.


LaTeX Warning: Reference `equation:generators:expdiffer' on page 58 undefined o
n input line 5138.


LaTeX Warning: Reference `equation:generators:expdiffer' on page 58 undefined o
n input line 5160.

[58]

LaTeX Warning: Reference `equation:generators:czsg2' on page 59 undefined on in
put line 5180.


LaTeX Warning: Reference `equation:generators:czsg2' on page 59 undefined on in
put line 5184.


LaTeX Warning: Reference `equation:generators:czsg2' on page 59 undefined on in
put line 5192.


LaTeX Warning: Reference `equation:generators:czsg2' on page 59 undefined on in
put line 5202.


LaTeX Warning: Reference `equation:generators:sgbound' on page 59 undefined on 
input line 5203.


LaTeX Warning: Reference `equation:generators:czsg2' on page 59 undefined on in
put line 5209.


LaTeX Warning: Reference `equation:generators:sgbound' on page 59 undefined on 
input line 5212.


LaTeX Warning: Reference `equation:generators:czsg3' on page 59 undefined on in
put line 5240.


LaTeX Warning: Reference `equation:generators:czsg3' on page 59 undefined on in
put line 5257.


LaTeX Warning: Reference `equation:generators:czsg3' on page 59 undefined on in
put line 5261.


LaTeX Warning: Reference `equation:generators:sgbound' on page 59 undefined on 
input line 5265.

[59] [60]
Chapter 7.

LaTeX Warning: Reference `equation:uc_mc_semigroups:mmismo' on page 61 undefine
d on input line 5354.

[61]

LaTeX Warning: Reference `equation:uc_mc_semigroups:imislo' on page 62 undefine
d on input line 5375.


LaTeX Warning: Reference `equation:uc_mc_semigroups:imislo' on page 62 undefine
d on input line 5387.


LaTeX Warning: Reference `equation:uc_mc_semigroups:imislo' on page 62 undefine
d on input line 5388.


LaTeX Warning: Hyper reference `generators:ecuc' on page 62 undefined on input 
line 5404.


LaTeX Warning: Reference `equation:uc_mc_semigroups:mmismo' on page 62 undefine
d on input line 5409.


LaTeX Warning: Hyper reference `generators:ucsgec' on page 62 undefined on inpu
t line 5429.


LaTeX Warning: Hyper reference `kolmogorov_fwd:intvsmk' on page 62 undefined on
 input line 5441.


LaTeX Warning: Hyper reference `uc_mc_semigroups:usmg' on page 62 undefined on 
input line 5450.


LaTeX Warning: Hyper reference `generators:ucsgec' on page 62 undefined on inpu
t line 5471.

[62]

LaTeX Warning: Hyper reference `uc_mc_semigroups:usmg' on page 63 undefined on 
input line 5493.


LaTeX Warning: Reference `equation:markov_prop:poissemi' on page 63 undefined o
n input line 5501.


LaTeX Warning: Reference `equation:uc_mc_semigroups:poissemi2' on page 63 undef
ined on input line 5577.

[63Trying to make PK font bbm8 at 600 DPI...
This is METAFONT, Version 2.71828182 (MiKTeX 26.5)



The METAFONT mode is: ljfour
Creating bbm8.pk...
Running miktex-mf.exe...
(C:\Users\Floris\AppData\Local\Programs\MiKTeX\fonts/source/public/bbm\bbm8.mf

(C:\Users\Floris\AppData\Local\Programs\MiKTeX\fonts/source/public/bbm\blbbase.

mf

(C:\Users\Floris\AppData\Local\Programs\MiKTeX\fonts/source/public/cm\cmbase.mf

))

(C:\Users\Floris\AppData\Local\Programs\MiKTeX\fonts/source/public/bbm\blbord.m

f

(C:\Users\Floris\AppData\Local\Programs\MiKTeX\fonts/source/public/bbm\blbordu.

mf [65] [66] [67] [68] [69] [70] [71] [72] [73] [74] [75] [76] [77] [78]

[79] [80] [81] [82] [83] [84] [85] [86] [87] [88] [89] [90])

(C:\Users\Floris\AppData\Local\Programs\MiKTeX\fonts/source/public/bbm\blbordl.

mf [97] [98] [99] [100] [101] [102] [103] [104] [105] [106] [107] [108]

[109] [110] [111] [112] [113] [114] [115] [116] [117] [118] [119] [120]

[121] [122])

(C:\Users\Floris\AppData\Local\Programs\MiKTeX\fonts/source/public/bbm\blbordsp

.mf [49] [50] [40] [41] [91] [93]) ) )

Font metrics written on bbm8.tfm.

Output written on bbm8.600gf (58 characters, 13732 bytes).

Transcript written on bbm8.log.

This is GFtoPK, Version 2.4 (MiKTeX 26.5)

Running miktex-gftopk.exe...
'METAFONT output 2026.08.22:0630'

13732 bytes packed to 5600 bytes.

Installing C:\Users\Floris\AppData\Local\MiKTeX\fonts/pk/ljfour/public/bbm/dpi600\bbm8.pk...
]

LaTeX Warning: Reference `equation:kolmogorov_bwd:kolbackeq' on page 64 undefin
ed on input line 5611.


LaTeX Warning: Reference `equation:uc_mc_semigroups:kolbackeq_inf' on page 64 u
ndefined on input line 5627.


LaTeX Warning: Hyper reference `uc_mc_semigroups:scintcon' on page 64 undefined
 on input line 5649.


LaTeX Warning: Hyper reference `uc_mc_semigroups:usmg' on page 64 undefined on 
input line 5676.

[64]

LaTeX Warning: Hyper reference `kolmogorov_bwd::doc' on page 65 undefined on in
put line 5714.


LaTeX Warning: Hyper reference `kolmogorov_bwd:ejc_algo' on page 65 undefined o
n input line 5715.


LaTeX Warning: Reference `equation:uc_mc_semigroups:jcinmat' on page 65 undefin
ed on input line 5720.


LaTeX Warning: Reference `equation:uc_mc_semigroups:jcinmat' on page 65 undefin
ed on input line 5776.


LaTeX Warning: Reference `equation:uc_mc_semigroups:jcinmat' on page 65 undefin
ed on input line 5792.

[65]

LaTeX Warning: Hyper reference `uc_mc_semigroups:jccs' on page 66 undefined on 
input line 5799.


LaTeX Warning: Hyper reference `uc_mc_semigroups:usmg' on page 66 undefined on 
input line 5803.


LaTeX Warning: Hyper reference `kolmogorov_bwd:ejc_algo' on page 66 undefined o
n input line 5850.


LaTeX Warning: Reference `equation:uc_mc_semigroups:jcinmat' on page 66 undefin
ed on input line 5857.

[66]

LaTeX Warning: Reference `equation:uc_mc_semigroups:mmismo' on page 67 undefine
d on input line 5923.


LaTeX Warning: Reference `equation:uc_mc_semigroups:propp' on page 67 undefined
 on input line 5923.


LaTeX Warning: Reference `equation:generators:norml' on page 67 undefined on in
put line 5932.


LaTeX Warning: Hyper reference `uc_mc_semigroups:scintcon' on page 67 undefined
 on input line 5975.


LaTeX Warning: Reference `equation:uc_mc_semigroups:mmismo' on page 67 undefine
d on input line 6001.

[67]

LaTeX Warning: Reference `equation:uc_mc_semigroups:poissonq' on page 68 undefi
ned on input line 6040.


LaTeX Warning: Reference `equation:uc_mc_semigroups:imislo' on page 68 undefine
d on input line 6041.

[68]

LaTeX Warning: Reference `equation:uc_mc_semigroups:jcinmat' on page 69 undefin
ed on input line 6121.


LaTeX Warning: Reference `equation:uc_mc_semigroups:jcinmat' on page 69 undefin
ed on input line 6162.

[69] [70]
Chapter 8.
[71]

LaTeX Warning: Hyper reference `kolmogorov_fwd:solvode' on page 72 undefined on
 input line 6301.

[72]

LaTeX Warning: Reference `equation:uc_mc_semigroups:lambdafromq' on page 73 und
efined on input line 6519.


LaTeX Warning: Reference `equation:uc_mc_semigroups:kfromqxx' on page 73 undefi
ned on input line 6519.


LaTeX Warning: Reference `equation:uc_mc_semigroups:kfromqxy' on page 73 undefi
ned on input line 6519.


LaTeX Warning: Reference `equation:uc_mc_semigroups:kfromqxy' on page 73 undefi
ned on input line 6525.


LaTeX Warning: Hyper reference `kolmogorov_bwd:ejc_algo' on page 73 undefined o
n input line 6533.


LaTeX Warning: Reference `equation:markov_prop:chapkol_ct2' on page 73 undefine
d on input line 6557.

[73]

LaTeX Warning: Hyper reference `ergodicity:equivirr' on page 74 undefined on in
put line 6568.

[74]

LaTeX Warning: Hyper reference `ergodicity:perimposs' on page 75 undefined on i
nput line 6600.


LaTeX Warning: Reference `equation:ergodicity:allmocontract' on page 75 undefin
ed on input line 6677.

[75]

LaTeX Warning: Hyper reference `ergodicity:strictcontract' on page 76 undefined
 on input line 6711.


LaTeX Warning: Hyper reference `ergodicity:uniirr' on page 76 undefined on inpu
t line 6747.


LaTeX Warning: Reference `equation:ergodicity:asyms' on page 76 undefined on in
put line 6755.


LaTeX Warning: Reference `equation:ergodicity:allmocontract' on page 76 undefin
ed on input line 6767.

[76]

LaTeX Warning: Hyper reference `ergodicity:stabskel' on page 77 undefined on in
put line 6781.


LaTeX Warning: Reference `equation:ergodicity:allmocontract' on page 77 undefin
ed on input line 6795.


LaTeX Warning: Hyper reference `ergodicity:strictcontract' on page 77 undefined
 on input line 6821.


LaTeX Warning: Hyper reference `ergodicity:sdrift' on page 77 undefined on inpu
t line 6850.


LaTeX Warning: Reference `equation:ergodicity:mm1q' on page 77 undefined on inp
ut line 6857.


LaTeX Warning: Hyper reference `ergodicity:sdrift' on page 77 undefined on inpu
t line 6867.


LaTeX Warning: Hyper reference `ergodicity:sdrift' on page 77 undefined on inpu
t line 6881.

[77]
Overfull \vbox (3.24745pt too high) detected at line 6988
[78]

LaTeX Warning: Hyper reference `ergodicity:sdrift' on page 79 undefined on inpu
t line 6996.


LaTeX Warning: Hyper reference `ergodicity:sfinite' on page 79 undefined on inp
ut line 6996.


LaTeX Warning: Hyper reference `ergodicity:sdrift' on page 79 undefined on inpu
t line 7020.

[79] [80]
Chapter 9.

LaTeX Warning: Hyper reference `ergodicity::doc' on page 81 undefined on input 
line 7200.


LaTeX Warning: Hyper reference `generators::doc' on page 81 undefined on input 
line 7200.


LaTeX Warning: Hyper reference `kolmogorov_bwd::doc' on page 81 undefined on in
put line 7200.


LaTeX Warning: Hyper reference `kolmogorov_fwd::doc' on page 81 undefined on in
put line 7200.


LaTeX Warning: Hyper reference `markov_prop::doc' on page 81 undefined on input
 line 7200.


LaTeX Warning: Hyper reference `memoryless::doc' on page 81 undefined on input 
line 7200.


LaTeX Warning: Hyper reference `poisson::doc' on page 81 undefined on input lin
e 7200.


LaTeX Warning: Hyper reference `status::doc' on page 81 undefined on input line
 7200.


LaTeX Warning: Hyper reference `uc_mc_semigroups::doc' on page 81 undefined on 
input line 7200.


LaTeX Warning: Hyper reference `ergodicity::doc' on page 81 undefined on input 
line 7200.


LaTeX Warning: Hyper reference `generators::doc' on page 81 undefined on input 
line 7200.


LaTeX Warning: Hyper reference `kolmogorov_bwd::doc' on page 81 undefined on in
put line 7200.


LaTeX Warning: Hyper reference `kolmogorov_fwd::doc' on page 81 undefined on in
put line 7200.


LaTeX Warning: Hyper reference `markov_prop::doc' on page 81 undefined on input
 line 7200.


LaTeX Warning: Hyper reference `memoryless::doc' on page 81 undefined on input 
line 7200.


LaTeX Warning: Hyper reference `poisson::doc' on page 81 undefined on input lin
e 7200.


LaTeX Warning: Hyper reference `status::doc' on page 81 undefined on input line
 7200.


LaTeX Warning: Hyper reference `uc_mc_semigroups::doc' on page 81 undefined on 
input line 7200.

[81] [82]
Chapter 10.
[83] [84] [85] [86]

LaTeX Warning: Reference `markov_prop:algorithm-0' on page 87 undefined on inpu
t line 7302.


LaTeX Warning: Reference `generators:diffexpmap' on page 87 undefined on input 
line 7305.


LaTeX Warning: Reference `generators:ecuc' on page 87 undefined on input line 7
308.


LaTeX Warning: Reference `kolmogorov_bwd:ejc_algo' on page 87 undefined on inpu
t line 7311.


LaTeX Warning: Reference `ergodicity:equivirr' on page 87 undefined on input li
ne 7314.


LaTeX Warning: Reference `memoryless:erlexp' on page 87 undefined on input line
 7317.


LaTeX Warning: Reference `ergodicity:example-5' on page 87 undefined on input l
ine 7320.


LaTeX Warning: Reference `ergodicity:example-8' on page 87 undefined on input l
ine 7323.


LaTeX Warning: Reference `memoryless:exp_unique' on page 87 undefined on input 
line 7326.


LaTeX Warning: Reference `generators:generators-prf-1' on page 87 undefined on 
input line 7329.


LaTeX Warning: Reference `generators:generators-prf-2' on page 87 undefined on 
input line 7332.


LaTeX Warning: Reference `uc_mc_semigroups:imatjc' on page 87 undefined on inpu
t line 7335.


LaTeX Warning: Reference `kolmogorov_fwd:intvsmk' on page 87 undefined on input
 line 7338.


LaTeX Warning: Reference `kolmogorov_fwd:intvsmk_c' on page 87 undefined on inp
ut line 7341.


LaTeX Warning: Reference `uc_mc_semigroups:jccs' on page 87 undefined on input 
line 7344.


LaTeX Warning: Reference `kolmogorov_bwd:jctosg' on page 87 undefined on input 
line 7347.


LaTeX Warning: Reference `kolmogorov_bwd:lemma-1' on page 87 undefined on input
 line 7350.


LaTeX Warning: Reference `ergodicity:perimposs' on page 87 undefined on input l
ine 7353.


LaTeX Warning: Reference `uc_mc_semigroups:scintcon' on page 87 undefined on in
put line 7356.


LaTeX Warning: Reference `ergodicity:sdrift' on page 87 undefined on input line
 7359.


LaTeX Warning: Reference `ergodicity:sfinite' on page 87 undefined on input lin
e 7362.


LaTeX Warning: Reference `ergodicity:stabskel' on page 87 undefined on input li
ne 7365.


LaTeX Warning: Reference `ergodicity:statfromq' on page 87 undefined on input l
ine 7368.


LaTeX Warning: Reference `ergodicity:strictcontract' on page 87 undefined on in
put line 7371.


LaTeX Warning: Reference `poisson:theorem-0' on page 87 undefined on input line
 7374.


LaTeX Warning: Reference `poisson:theorem-1' on page 87 undefined on input line
 7377.


LaTeX Warning: Reference `kolmogorov_bwd:theorem-2' on page 87 undefined on inp
ut line 7380.


LaTeX Warning: Reference `uc_mc_semigroups:theorem-5' on page 87 undefined on i
nput line 7383.


LaTeX Warning: Reference `uc_mc_semigroups:uc-mc-semigroups-prf-1' on page 87 u
ndefined on input line 7386.

[87]

LaTeX Warning: Reference `generators:ucsgec' on page 88 undefined on input line
 7389.


LaTeX Warning: Reference `ergodicity:uniirr' on page 88 undefined on input line
 7392.


LaTeX Warning: Reference `uc_mc_semigroups:usmg' on page 88 undefined on input 
line 7395.

[88]
No file book.ind.
(book.aux)

LaTeX Warning: There were undefined references.


LaTeX Warning: Label(s) may have changed. Rerun to get cross-references right.


Package rerunfilecheck Warning: File `book.out' has changed.
(rerunfilecheck)                Rerun to get outlines right
(rerunfilecheck)                or use package `bookmark'.

 )
(see the transcript file for additional information)
Output written on book.pdf (92 pages).
Transcript written on book.log.
Latexmk: Getting log file 'book.log'
Latexmk: Examining 'book.fls'
Latexmk: Examining 'book.log'
Latexmk: References changed.
Latexmk: Missing input file 'book.toc' message in .log file:
  No file book.toc.
Latexmk: Missing input file 'book.ind' message in .log file:
  No file book.ind.
Latexmk: References changed.
Latexmk: References changed.
Latexmk: Log file says output to 'book.pdf'
Latexmk: Index file 'book.idx' was written
Latexmk: applying rule 'makeindex book.idx'...
Rule 'makeindex book.idx':  Reasons for rerun
Category 'other':
  Rerun of 'makeindex book.idx' forced or previously required:
    Reason or flag: 'Initial set up of rule'

------------
Run number 1 of rule 'makeindex book.idx'
------------
------------
Running 'internal xindy -L english -C utf8  -M sphinx.xdy -I xelatex  -o "book.ind" "book.idx"'
------------
Latexmk: calling xindy( -L english -C utf8  -M sphinx.xdy -I xelatex  -o "book.ind" "book.idx" )
Latexmk: applying rule 'pdflatex'...
Rule 'pdflatex':  Reasons for rerun
Changed files or newly in use/created:
  book.aux
  book.ind
  book.out
  book.toc

------------
Run number 2 of rule 'pdflatex'
------------
------------
Running 'xelatex    -disable-installer -recorder  "book.tex"'
------------
This is XeTeX, Version 3.141592653-2.6-0.999998 (MiKTeX 26.5) (preloaded format=xelatex.fmt)
 restricted \write18 enabled.
entering extended mode
(book.tex
LaTeX2e <2025-11-01>
L3 programming layer <2026-03-20>
(jupyterBook.cls
Document Class: jupyterBook 2020/11/06
(C:\Users\Floris\AppData\Local\Programs\MiKTeX\tex/latex/xcolor\xcolor.sty
(C:\Users\Floris\AppData\Local\Programs\MiKTeX\tex/latex/graphics-cfg\color.cfg
)
(C:\Users\Floris\AppData\Local\Programs\MiKTeX\tex/latex/graphics-def\xetex.def
)
(C:\Users\Floris\AppData\Local\Programs\MiKTeX\tex/latex/graphics\mathcolor.ltx
)) (C:\Users\Floris\AppData\Local\Programs\MiKTeX\tex/latex/base\inputenc.sty

Package inputenc Warning: inputenc package ignored with utf8 based engines.

)
(C:\Users\Floris\AppData\Local\Programs\MiKTeX\tex/latex/graphics\graphicx.sty
(C:\Users\Floris\AppData\Local\Programs\MiKTeX\tex/latex/graphics\keyval.sty)
(C:\Users\Floris\AppData\Local\Programs\MiKTeX\tex/latex/graphics\graphics.sty
(C:\Users\Floris\AppData\Local\Programs\MiKTeX\tex/latex/graphics\trig.sty)
(C:\Users\Floris\AppData\Local\Programs\MiKTeX\tex/latex/graphics-cfg\graphics.
cfg)))
(C:\Users\Floris\AppData\Local\Programs\MiKTeX\tex/latex/amsmath\amsmath.sty
For additional information on amsmath, use the `?' option.
(C:\Users\Floris\AppData\Local\Programs\MiKTeX\tex/latex/amsmath\amstext.sty
(C:\Users\Floris\AppData\Local\Programs\MiKTeX\tex/latex/amsmath\amsgen.sty))
(C:\Users\Floris\AppData\Local\Programs\MiKTeX\tex/latex/amsmath\amsbsy.sty)
(C:\Users\Floris\AppData\Local\Programs\MiKTeX\tex/latex/amsmath\amsopn.sty))
(C:\Users\Floris\AppData\Local\Programs\MiKTeX\tex/latex/amsfonts\amssymb.sty
(C:\Users\Floris\AppData\Local\Programs\MiKTeX\tex/latex/amsfonts\amsfonts.sty)
) (C:\Users\Floris\AppData\Local\Programs\MiKTeX\tex/latex/amsmath\amscd.sty)
(C:\Users\Floris\AppData\Local\Programs\MiKTeX\tex/latex/jknappen\mathrsfs.sty)

(C:\Users\Floris\AppData\Local\Programs\MiKTeX\tex/latex/pgf/frontendlayer\tikz
.sty
(C:\Users\Floris\AppData\Local\Programs\MiKTeX\tex/latex/pgf/basiclayer\pgf.sty

(C:\Users\Floris\AppData\Local\Programs\MiKTeX\tex/latex/pgf/utilities\pgfrcs.s
ty
(C:\Users\Floris\AppData\Local\Programs\MiKTeX\tex/generic/pgf/utilities\pgfuti
l-common.tex)
(C:\Users\Floris\AppData\Local\Programs\MiKTeX\tex/generic/pgf/utilities\pgfuti
l-latex.def)
(C:\Users\Floris\AppData\Local\Programs\MiKTeX\tex/generic/pgf/utilities\pgfrcs
.code.tex
(C:\Users\Floris\AppData\Local\Programs\MiKTeX\tex/generic/pgf\pgf.revision.tex
)))
(C:\Users\Floris\AppData\Local\Programs\MiKTeX\tex/latex/pgf/basiclayer\pgfcore
.sty
(C:\Users\Floris\AppData\Local\Programs\MiKTeX\tex/latex/pgf/systemlayer\pgfsys
.sty
(C:\Users\Floris\AppData\Local\Programs\MiKTeX\tex/generic/pgf/systemlayer\pgfs
ys.code.tex
(C:\Users\Floris\AppData\Local\Programs\MiKTeX\tex/generic/pgf/utilities\pgfkey
s.code.tex
(C:\Users\Floris\AppData\Local\Programs\MiKTeX\tex/generic/pgf/utilities\pgfkey
slibraryfiltered.code.tex))
(C:\Users\Floris\AppData\Local\Programs\MiKTeX\tex/generic/pgf/systemlayer\pgf.
cfg)
(C:\Users\Floris\AppData\Local\Programs\MiKTeX\tex/generic/pgf/systemlayer\pgfs
ys-xetex.def
(C:\Users\Floris\AppData\Local\Programs\MiKTeX\tex/generic/pgf/systemlayer\pgfs
ys-dvipdfmx.def
(C:\Users\Floris\AppData\Local\Programs\MiKTeX\tex/generic/pgf/systemlayer\pgfs
ys-common-pdf.def))))
(C:\Users\Floris\AppData\Local\Programs\MiKTeX\tex/generic/pgf/systemlayer\pgfs
yssoftpath.code.tex)
(C:\Users\Floris\AppData\Local\Programs\MiKTeX\tex/generic/pgf/systemlayer\pgfs
ysprotocol.code.tex))
(C:\Users\Floris\AppData\Local\Programs\MiKTeX\tex/generic/pgf/basiclayer\pgfco
re.code.tex
(C:\Users\Floris\AppData\Local\Programs\MiKTeX\tex/generic/pgf/math\pgfmath.cod
e.tex
(C:\Users\Floris\AppData\Local\Programs\MiKTeX\tex/generic/pgf/math\pgfmathutil
.code.tex)
(C:\Users\Floris\AppData\Local\Programs\MiKTeX\tex/generic/pgf/math\pgfmathpars
er.code.tex)
(C:\Users\Floris\AppData\Local\Programs\MiKTeX\tex/generic/pgf/math\pgfmathfunc
tions.code.tex)
(C:\Users\Floris\AppData\Local\Programs\MiKTeX\tex/generic/pgf/math\pgfmathfunc
tions.basic.code.tex)
(C:\Users\Floris\AppData\Local\Programs\MiKTeX\tex/generic/pgf/math\pgfmathfunc
tions.trigonometric.code.tex)
(C:\Users\Floris\AppData\Local\Programs\MiKTeX\tex/generic/pgf/math\pgfmathfunc
tions.random.code.tex)
(C:\Users\Floris\AppData\Local\Programs\MiKTeX\tex/generic/pgf/math\pgfmathfunc
tions.comparison.code.tex)
(C:\Users\Floris\AppData\Local\Programs\MiKTeX\tex/generic/pgf/math\pgfmathfunc
tions.base.code.tex)
(C:\Users\Floris\AppData\Local\Programs\MiKTeX\tex/generic/pgf/math\pgfmathfunc
tions.round.code.tex)
(C:\Users\Floris\AppData\Local\Programs\MiKTeX\tex/generic/pgf/math\pgfmathfunc
tions.misc.code.tex)
(C:\Users\Floris\AppData\Local\Programs\MiKTeX\tex/generic/pgf/math\pgfmathfunc
tions.integerarithmetics.code.tex)
(C:\Users\Floris\AppData\Local\Programs\MiKTeX\tex/generic/pgf/math\pgfmathcalc
.code.tex)
(C:\Users\Floris\AppData\Local\Programs\MiKTeX\tex/generic/pgf/math\pgfmathfloa
t.code.tex))
(C:\Users\Floris\AppData\Local\Programs\MiKTeX\tex/generic/pgf/math\pgfint.code
.tex)
(C:\Users\Floris\AppData\Local\Programs\MiKTeX\tex/generic/pgf/basiclayer\pgfco
repoints.code.tex)
(C:\Users\Floris\AppData\Local\Programs\MiKTeX\tex/generic/pgf/basiclayer\pgfco
repathconstruct.code.tex)
(C:\Users\Floris\AppData\Local\Programs\MiKTeX\tex/generic/pgf/basiclayer\pgfco
repathusage.code.tex)
(C:\Users\Floris\AppData\Local\Programs\MiKTeX\tex/generic/pgf/basiclayer\pgfco
rescopes.code.tex)
(C:\Users\Floris\AppData\Local\Programs\MiKTeX\tex/generic/pgf/basiclayer\pgfco
regraphicstate.code.tex)
(C:\Users\Floris\AppData\Local\Programs\MiKTeX\tex/generic/pgf/basiclayer\pgfco
retransformations.code.tex)
(C:\Users\Floris\AppData\Local\Programs\MiKTeX\tex/generic/pgf/basiclayer\pgfco
requick.code.tex)
(C:\Users\Floris\AppData\Local\Programs\MiKTeX\tex/generic/pgf/basiclayer\pgfco
reobjects.code.tex)
(C:\Users\Floris\AppData\Local\Programs\MiKTeX\tex/generic/pgf/basiclayer\pgfco
repathprocessing.code.tex)
(C:\Users\Floris\AppData\Local\Programs\MiKTeX\tex/generic/pgf/basiclayer\pgfco
rearrows.code.tex)
(C:\Users\Floris\AppData\Local\Programs\MiKTeX\tex/generic/pgf/basiclayer\pgfco
reshade.code.tex)
(C:\Users\Floris\AppData\Local\Programs\MiKTeX\tex/generic/pgf/basiclayer\pgfco
reimage.code.tex)
(C:\Users\Floris\AppData\Local\Programs\MiKTeX\tex/generic/pgf/basiclayer\pgfco
reexternal.code.tex)
(C:\Users\Floris\AppData\Local\Programs\MiKTeX\tex/generic/pgf/basiclayer\pgfco
relayers.code.tex)
(C:\Users\Floris\AppData\Local\Programs\MiKTeX\tex/generic/pgf/basiclayer\pgfco
retransparency.code.tex)
(C:\Users\Floris\AppData\Local\Programs\MiKTeX\tex/generic/pgf/basiclayer\pgfco
repatterns.code.tex)
(C:\Users\Floris\AppData\Local\Programs\MiKTeX\tex/generic/pgf/basiclayer\pgfco
rerdf.code.tex)))
(C:\Users\Floris\AppData\Local\Programs\MiKTeX\tex/generic/pgf/modules\pgfmodul
eshapes.code.tex)
(C:\Users\Floris\AppData\Local\Programs\MiKTeX\tex/generic/pgf/modules\pgfmodul
eplot.code.tex)
(C:\Users\Floris\AppData\Local\Programs\MiKTeX\tex/latex/pgf/compatibility\pgfc
omp-version-0-65.sty)
(C:\Users\Floris\AppData\Local\Programs\MiKTeX\tex/latex/pgf/compatibility\pgfc
omp-version-1-18.sty))
(C:\Users\Floris\AppData\Local\Programs\MiKTeX\tex/latex/pgf/utilities\pgffor.s
ty
(C:\Users\Floris\AppData\Local\Programs\MiKTeX\tex/latex/pgf/utilities\pgfkeys.
sty
(C:\Users\Floris\AppData\Local\Programs\MiKTeX\tex/generic/pgf/utilities\pgfkey
s.code.tex))
(C:\Users\Floris\AppData\Local\Programs\MiKTeX\tex/latex/pgf/math\pgfmath.sty
(C:\Users\Floris\AppData\Local\Programs\MiKTeX\tex/generic/pgf/math\pgfmath.cod
e.tex))
(C:\Users\Floris\AppData\Local\Programs\MiKTeX\tex/generic/pgf/utilities\pgffor
.code.tex))
(C:\Users\Floris\AppData\Local\Programs\MiKTeX\tex/generic/pgf/frontendlayer/ti
kz\tikz.code.tex
(C:\Users\Floris\AppData\Local\Programs\MiKTeX\tex/generic/pgf/libraries\pgflib
raryplothandlers.code.tex)
(C:\Users\Floris\AppData\Local\Programs\MiKTeX\tex/generic/pgf/modules\pgfmodul
ematrix.code.tex)
(C:\Users\Floris\AppData\Local\Programs\MiKTeX\tex/generic/pgf/frontendlayer/ti
kz/libraries\tikzlibrarytopaths.code.tex)))
(C:\Users\Floris\AppData\Local\Programs\MiKTeX\tex/generic/pgf/frontendlayer/ti
kz/libraries\tikzlibraryarrows.code.tex
(C:\Users\Floris\AppData\Local\Programs\MiKTeX\tex/generic/pgf/libraries\pgflib
raryarrows.code.tex))
(C:\Users\Floris\AppData\Local\Programs\MiKTeX\tex/generic/pgf/frontendlayer/ti
kz/libraries\tikzlibrarycalc.code.tex)
(C:\Users\Floris\AppData\Local\Programs\MiKTeX\tex/generic/pgf/frontendlayer/ti
kz/libraries\tikzlibraryintersections.code.tex
(C:\Users\Floris\AppData\Local\Programs\MiKTeX\tex/generic/pgf/libraries\pgflib
raryintersections.code.tex
(C:\Users\Floris\AppData\Local\Programs\MiKTeX\tex/generic/pgf/libraries\pgflib
raryfpu.code.tex)))
(C:\Users\Floris\AppData\Local\Programs\MiKTeX\tex/generic/pgf/frontendlayer/ti
kz/libraries\tikzlibrarydecorations.code.tex
(C:\Users\Floris\AppData\Local\Programs\MiKTeX\tex/generic/pgf/modules\pgfmodul
edecorations.code.tex))
(C:\Users\Floris\AppData\Local\Programs\MiKTeX\tex/latex/pgfplots\pgfplots.sty
(C:\Users\Floris\AppData\Local\Programs\MiKTeX\tex/generic/pgfplots\pgfplots.re
vision.tex)
(C:\Users\Floris\AppData\Local\Programs\MiKTeX\tex/generic/pgfplots\pgfplots.co
de.tex
(C:\Users\Floris\AppData\Local\Programs\MiKTeX\tex/generic/pgfplots\pgfplotscor
e.code.tex
(C:\Users\Floris\AppData\Local\Programs\MiKTeX\tex/generic/pgfplots/sys\pgfplot
ssysgeneric.code.tex))
(C:\Users\Floris\AppData\Local\Programs\MiKTeX\tex/generic/pgfplots/libs\pgfplo
tslibrary.code.tex)
(C:\Users\Floris\AppData\Local\Programs\MiKTeX\tex/generic/pgfplots/oldpgfcompa
tib\pgfplotsoldpgfsupp_loader.code.tex
Package pgfplots: loading complementary utilities for your pgf version...

(C:\Users\Floris\AppData\Local\Programs\MiKTeX\tex/generic/pgfplots/oldpgfcompa
tib\pgfplotsoldpgfsupp_pgfutil-common-lists.tex))
(C:\Users\Floris\AppData\Local\Programs\MiKTeX\tex/generic/pgfplots/util\pgfplo
tsutil.code.tex
(C:\Users\Floris\AppData\Local\Programs\MiKTeX\tex/generic/pgfplots/liststructu
re\pgfplotsliststructure.code.tex)
(C:\Users\Floris\AppData\Local\Programs\MiKTeX\tex/generic/pgfplots/liststructu
re\pgfplotsliststructureext.code.tex)
(C:\Users\Floris\AppData\Local\Programs\MiKTeX\tex/generic/pgfplots/liststructu
re\pgfplotsarray.code.tex)
(C:\Users\Floris\AppData\Local\Programs\MiKTeX\tex/generic/pgfplots/liststructu
re\pgfplotsmatrix.code.tex)
(C:\Users\Floris\AppData\Local\Programs\MiKTeX\tex/generic/pgfplots/numtable\pg
fplotstableshared.code.tex)
(C:\Users\Floris\AppData\Local\Programs\MiKTeX\tex/generic/pgfplots/liststructu
re\pgfplotsdeque.code.tex)
(C:\Users\Floris\AppData\Local\Programs\MiKTeX\tex/generic/pgfplots/util\pgfplo
tsbinary.code.tex
(C:\Users\Floris\AppData\Local\Programs\MiKTeX\tex/generic/pgfplots/util\pgfplo
tsbinary.data.code.tex))
(C:\Users\Floris\AppData\Local\Programs\MiKTeX\tex/generic/pgfplots/util\pgfplo
tsutil.verb.code.tex)
(C:\Users\Floris\AppData\Local\Programs\MiKTeX\tex/generic/pgfplots/libs\pgflib
rarypgfplots.surfshading.code.tex
(C:\Users\Floris\AppData\Local\Programs\MiKTeX\tex/generic/pgfplots/sys\pgflibr
arypgfplots.surfshading.pgfsys-xetex.def
(C:\Users\Floris\AppData\Local\Programs\MiKTeX\tex/generic/pgfplots/sys\pgflibr
arypgfplots.surfshading.pgfsys-dvipdfmx.def))))
(C:\Users\Floris\AppData\Local\Programs\MiKTeX\tex/generic/pgfplots/util\pgfplo
tscolormap.code.tex
(C:\Users\Floris\AppData\Local\Programs\MiKTeX\tex/generic/pgfplots/util\pgfplo
tscolor.code.tex))
(C:\Users\Floris\AppData\Local\Programs\MiKTeX\tex/generic/pgfplots\pgfplotssta
ckedplots.code.tex)
(C:\Users\Floris\AppData\Local\Programs\MiKTeX\tex/generic/pgfplots\pgfplotsplo
thandlers.code.tex
(C:\Users\Floris\AppData\Local\Programs\MiKTeX\tex/generic/pgfplots\pgfplotsmes
hplothandler.code.tex
(C:\Users\Floris\AppData\Local\Programs\MiKTeX\tex/generic/pgfplots\pgfplotsmes
hplotimage.code.tex)))
(C:\Users\Floris\AppData\Local\Programs\MiKTeX\tex/generic/pgfplots\pgfplots.sc
aling.code.tex)
(C:\Users\Floris\AppData\Local\Programs\MiKTeX\tex/generic/pgfplots\pgfplotscoo
rdprocessing.code.tex)
(C:\Users\Floris\AppData\Local\Programs\MiKTeX\tex/generic/pgfplots\pgfplots.er
rorbars.code.tex)
(C:\Users\Floris\AppData\Local\Programs\MiKTeX\tex/generic/pgfplots\pgfplots.ma
rkers.code.tex)
(C:\Users\Floris\AppData\Local\Programs\MiKTeX\tex/generic/pgfplots\pgfplotstic
ks.code.tex)
(C:\Users\Floris\AppData\Local\Programs\MiKTeX\tex/generic/pgfplots\pgfplots.pa
ths.code.tex)
(C:\Users\Floris\AppData\Local\Programs\MiKTeX\tex/generic/pgf/frontendlayer/ti
kz/libraries\tikzlibrarydecorations.pathmorphing.code.tex
(C:\Users\Floris\AppData\Local\Programs\MiKTeX\tex/generic/pgf/libraries/decora
tions\pgflibrarydecorations.pathmorphing.code.tex))
(C:\Users\Floris\AppData\Local\Programs\MiKTeX\tex/generic/pgf/frontendlayer/ti
kz/libraries\tikzlibrarydecorations.pathreplacing.code.tex
(C:\Users\Floris\AppData\Local\Programs\MiKTeX\tex/generic/pgf/libraries/decora
tions\pgflibrarydecorations.pathreplacing.code.tex))
(C:\Users\Floris\AppData\Local\Programs\MiKTeX\tex/generic/pgfplots/libs\tikzli
brarypgfplots.contourlua.code.tex))
(C:\Users\Floris\AppData\Local\Programs\MiKTeX\tex/generic/pgf/frontendlayer/ti
kz/libraries\tikzlibraryplotmarks.code.tex
(C:\Users\Floris\AppData\Local\Programs\MiKTeX\tex/generic/pgf/libraries\pgflib
raryplotmarks.code.tex)))
(C:\Users\Floris\AppData\Local\Programs\MiKTeX\tex/latex/bbm\bbm.sty)
(sphinxmanual.cls
Document Class: sphinxmanual 2019/12/01 v2.3.0 Document class (Sphinx manual)
(C:\Users\Floris\AppData\Local\Programs\MiKTeX\tex/latex/base\report.cls
Document Class: report 2025/01/22 v1.4n Standard LaTeX document class
(C:\Users\Floris\AppData\Local\Programs\MiKTeX\tex/latex/base\size10.clo)))
(C:\Users\Floris\AppData\Local\Programs\MiKTeX\tex/latex/changepage\changepage.
sty)) (C:\Users\Floris\AppData\Local\Programs\MiKTeX\tex/latex/cmap\cmap.sty

Package cmap Warning: pdftex not detected - exiting.

)
(C:\Users\Floris\AppData\Local\Programs\MiKTeX\tex/latex/fontspec\fontspec.sty
(C:\Users\Floris\AppData\Local\Programs\MiKTeX\tex/latex/l3packages/xparse\xpar
se.sty
(C:\Users\Floris\AppData\Local\Programs\MiKTeX\tex/latex/l3kernel\expl3.sty
(C:\Users\Floris\AppData\Local\Programs\MiKTeX\tex/latex/l3backend\l3backend-xe
tex.def)))
(C:\Users\Floris\AppData\Local\Programs\MiKTeX\tex/latex/fontspec\fontspec-xete
x.sty (C:\Users\Floris\AppData\Local\Programs\MiKTeX\tex/latex/base\fontenc.sty
)
(C:\Users\Floris\AppData\Local\Programs\MiKTeX\tex/latex/fontspec\fontspec.cfg)
))
(C:\Users\Floris\AppData\Local\Programs\MiKTeX\tex/latex/polyglossia\polyglossi
a.sty
(C:\Users\Floris\AppData\Local\Programs\MiKTeX\tex/latex/etoolbox\etoolbox.sty)
 (C:\Users\Floris\AppData\Local\Programs\MiKTeX\tex/generic/iftex\iftex.sty)
(C:\Users\Floris\AppData\Local\Programs\MiKTeX\tex/latex/polyglossia\gloss-late
x.ldf))
(C:\Users\Floris\AppData\Local\Programs\MiKTeX\tex/latex/polyglossia\gloss-engl
ish.ldf)
(C:\Users\Floris\AppData\Local\Programs\MiKTeX\tex/latex/fncychap\fncychap.sty)
 (sphinx.sty
(C:\Users\Floris\AppData\Local\Programs\MiKTeX\tex/generic/ltxcmds\ltxcmds.sty)

(C:\Users\Floris\AppData\Local\Programs\MiKTeX\tex/latex/kvoptions\kvoptions.st
y
(C:\Users\Floris\AppData\Local\Programs\MiKTeX\tex/latex/kvsetkeys\kvsetkeys.st
y)) (sphinxoptionshyperref.sty) (sphinxoptionsgeometry.sty)
(C:\Users\Floris\AppData\Local\Programs\MiKTeX\tex/latex/base\textcomp.sty)
(C:\Users\Floris\AppData\Local\Programs\MiKTeX\tex/latex/float\float.sty)
(C:\Users\Floris\AppData\Local\Programs\MiKTeX\tex/latex/wrapfig\wrapfig.sty)
(C:\Users\Floris\AppData\Local\Programs\MiKTeX\tex/latex/capt-of\capt-of.sty)
(C:\Users\Floris\AppData\Local\Programs\MiKTeX\tex/latex/tools\multicol.sty)
(sphinxlatexgraphics.sty) (sphinxpackageboxes.sty
(C:\Users\Floris\AppData\Local\Programs\MiKTeX\tex/latex/pict2e\pict2e.sty
(C:\Users\Floris\AppData\Local\Programs\MiKTeX\tex/latex/pict2e\pict2e.cfg)
(C:\Users\Floris\AppData\Local\Programs\MiKTeX\tex/latex/pict2e\p2e-xetex.def))
 (C:\Users\Floris\AppData\Local\Programs\MiKTeX\tex/latex/ellipse\ellipse.sty))
 (sphinxlatexadmonitions.sty
(C:\Users\Floris\AppData\Local\Programs\MiKTeX\tex/latex/framed\framed.sty))
(sphinxlatexliterals.sty
(C:\Users\Floris\AppData\Local\Programs\MiKTeX\tex/latex/fancyvrb\fancyvrb.sty)
 (C:\Users\Floris\AppData\Local\Programs\MiKTeX\tex/latex/base\alltt.sty)
(C:\Users\Floris\AppData\Local\Programs\MiKTeX\tex/latex/upquote\upquote.sty)
(C:\Users\Floris\AppData\Local\Programs\MiKTeX\tex/latex/needspace\needspace.st
y)) (sphinxlatexshadowbox.sty) (sphinxlatexcontainers.sty) (sphinxhighlight.sty
) (sphinxlatextables.sty
(C:\Users\Floris\AppData\Local\Programs\MiKTeX\tex/latex/tabulary\tabulary.sty
(C:\Users\Floris\AppData\Local\Programs\MiKTeX\tex/latex/tools\array.sty))
(C:\Users\Floris\AppData\Local\Programs\MiKTeX\tex/latex/tools\longtable.sty)
(C:\Users\Floris\AppData\Local\Programs\MiKTeX\tex/latex/varwidth\varwidth.sty)

==> First Aid for varwidth.sty applied!
(C:\Users\Floris\AppData\Local\Programs\MiKTeX\tex/latex/colortbl\colortbl.sty)
 (C:\Users\Floris\AppData\Local\Programs\MiKTeX\tex/latex/booktabs\booktabs.sty
)) (sphinxlatexnumfig.sty) (sphinxlatexlists.sty) (sphinxpackagefootnote.sty)
(sphinxlatexindbibtoc.sty
(C:\Users\Floris\AppData\Local\Programs\MiKTeX\tex/latex/base\makeidx.sty))
(sphinxlatexstylepage.sty
(C:\Users\Floris\AppData\Local\Programs\MiKTeX\tex/latex/parskip\parskip.sty
(C:\Users\Floris\AppData\Local\Programs\MiKTeX\tex/latex/parskip\parskip-2001-0
4-09.sty))
(C:\Users\Floris\AppData\Local\Programs\MiKTeX\tex/latex/fancyhdr\fancyhdr.sty)
) (sphinxlatexstyleheadings.sty
(C:\Users\Floris\AppData\Local\Programs\MiKTeX\tex/latex/titlesec\titlesec.sty)
) (sphinxlatexstyletext.sty) (sphinxlatexobjects.sty))
(C:\Users\Floris\AppData\Local\Programs\MiKTeX\tex/latex/geometry\geometry.sty
(C:\Users\Floris\AppData\Local\Programs\MiKTeX\tex/generic/iftex\ifvtex.sty)
(C:\Users\Floris\AppData\Local\Programs\MiKTeX\tex/latex/geometry\geometry.cfg)
)
(C:\Users\Floris\AppData\Local\Programs\MiKTeX\tex/latex/hyperref\hyperref.sty
(C:\Users\Floris\AppData\Local\Programs\MiKTeX\tex/generic/kvdefinekeys\kvdefin
ekeys.sty)
(C:\Users\Floris\AppData\Local\Programs\MiKTeX\tex/generic/pdfescape\pdfescape.
sty
(C:\Users\Floris\AppData\Local\Programs\MiKTeX\tex/generic/pdftexcmds\pdftexcmd
s.sty
(C:\Users\Floris\AppData\Local\Programs\MiKTeX\tex/generic/infwarerr\infwarerr.
sty)))
(C:\Users\Floris\AppData\Local\Programs\MiKTeX\tex/latex/hycolor\hycolor.sty)
(C:\Users\Floris\AppData\Local\Programs\MiKTeX\tex/latex/hyperref\nameref.sty
(C:\Users\Floris\AppData\Local\Programs\MiKTeX\tex/latex/refcount\refcount.sty)

(C:\Users\Floris\AppData\Local\Programs\MiKTeX\tex/generic/gettitlestring\getti
tlestring.sty))
(C:\Users\Floris\AppData\Local\Programs\MiKTeX\tex/generic/stringenc\stringenc.
sty)
(C:\Users\Floris\AppData\Local\Programs\MiKTeX\tex/latex/hyperref\pd1enc.def)
(C:\Users\Floris\AppData\Local\Programs\MiKTeX\tex/generic/intcalc\intcalc.sty)
(C:\Users\Floris\AppData\Local\Programs\MiKTeX\tex/latex/hyperref\puenc.def)
(C:\Users\Floris\AppData\Local\Programs\MiKTeX\tex/latex/url\url.sty)
(C:\Users\Floris\AppData\Local\Programs\MiKTeX\tex/generic/bitset\bitset.sty
(C:\Users\Floris\AppData\Local\Programs\MiKTeX\tex/generic/bigintcalc\bigintcal
c.sty)))
(C:\Users\Floris\AppData\Local\Programs\MiKTeX\tex/latex/hyperref\hxetex.def
(C:\Users\Floris\AppData\Local\Programs\MiKTeX\tex/latex/rerunfilecheck\rerunfi
lecheck.sty
(C:\Users\Floris\AppData\Local\Programs\MiKTeX\tex/generic/uniquecounter\unique
counter.sty)))
(C:\Users\Floris\AppData\Local\Programs\MiKTeX\tex/latex/hypcap\hypcap.sty
(C:\Users\Floris\AppData\Local\Programs\MiKTeX\tex/latex/letltxmacro\letltxmacr
o.sty)) (sphinxmessages.sty)
(C:\Users\Floris\AppData\Local\Programs\MiKTeX\tex/xelatex/ucharclasses\ucharcl
asses.sty
(C:\Users\Floris\AppData\Local\Programs\MiKTeX\tex/generic/iftex\ifxetex.sty))
(C:\Users\Floris\AppData\Local\Programs\MiKTeX\tex/latex/unicode-math\unicode-m
ath.sty
(C:\Users\Floris\AppData\Local\Programs\MiKTeX\tex/latex/unicode-math\unicode-m
ath-xetex.sty
(C:\Users\Floris\AppData\Local\Programs\MiKTeX\tex/latex/l3packages/l3keys2e\l3
keys2e.sty)
(C:\Users\Floris\AppData\Local\Programs\MiKTeX\tex/latex/base\fix-cm.sty
(C:\Users\Floris\AppData\Local\Programs\MiKTeX\tex/latex/base\ts1enc.def))
(C:\Users\Floris\AppData\Local\Programs\MiKTeX\tex/latex/unicode-math\unicode-m
ath-table.tex)))
(C:\Users\Floris\AppData\Local\Programs\MiKTeX\tex/latex/hyperref\psdextra.def)
Writing index file book.idx
(book.aux)

Package pgfplots Warning: running in backwards compatibility mode (unsuitable t
ick labels; missing features). Consider writing \pgfplotsset{compat=1.18} into 
your preamble.
 on input line 96.


(C:\Users\Floris\AppData\Local\Programs\MiKTeX\tex/latex/fontawesome5\fontaweso
me5.sty
(C:\Users\Floris\AppData\Local\Programs\MiKTeX\tex/latex/fontawesome5\fontaweso
me5-utex-helper.sty
(C:\Users\Floris\AppData\Local\Programs\MiKTeX\tex/latex/fontawesome5\tufontawe
somefree.fd)
(C:\Users\Floris\AppData\Local\Programs\MiKTeX\tex/latex/fontawesome5\tufontawe
somebrands.fd)))
*geometry* driver: auto-detecting
*geometry* detected driver: xetex
(book.out) (book.out)

Package hyperref Warning: Token not allowed in a PDF string (Unicode):
(hyperref)                removing `\spacefactor' on input line 99.


Package hyperref Warning: Token not allowed in a PDF string (Unicode):
(hyperref)                removing `\@m' on input line 99.


(C:\Users\Floris\AppData\Local\Programs\MiKTeX\tex/generic/stringenc\se-ascii-p
rint.def)
(C:\Users\Floris\AppData\Local\Programs\MiKTeX\tex/latex/amsfonts\umsa.fd)
(C:\Users\Floris\AppData\Local\Programs\MiKTeX\tex/latex/amsfonts\umsb.fd)
(C:\Users\Floris\AppData\Local\Programs\MiKTeX\tex/latex/jknappen\ursfs.fd)
[1] [2] (book.toc [1]) [2] [1] [2]
Chapter 1.
(C:\Users\Floris\AppData\Local\Programs\MiKTeX\tex/latex/bbm\ubbm.fd) [3]
[4] [5] [6] [7] [8] [9] [10]
Chapter 2.
[11] [12] [13] [14]
Overfull \vbox (2.81647pt too high) detected at line 1403
[15] [16] [17] [18]
Chapter 3.
[19] [20] [21] [22] [23] [24] [25] [26] [27] [28] [29] [30]
Overfull \vbox (1.33817pt too high) detected at line 2838
[31] [32] [33] [34]
Chapter 4.
[35] [36] [37] [38] [39] [40] [41] [42] [43] [44]
Chapter 5.
[45] [46] [47] [48] [49] [50] [51] [52]
Chapter 6.
[53] [54] [55]

LaTeX Warning: Hyper reference `generators:diffexpmap' on page 56 undefined on 
input line 4952.

[56] [57]

LaTeX Warning: Hyper reference `generators:ecuc' on page 58 undefined on input 
line 5060.


LaTeX Warning: Hyper reference `generators:ucsgec' on page 58 undefined on inpu
t line 5090.


LaTeX Warning: Hyper reference `generators:ucsgec' on page 58 undefined on inpu
t line 5125.

[58] [59] [60]
Chapter 7.
[61]

LaTeX Warning: Hyper reference `generators:ecuc' on page 62 undefined on input 
line 5404.


LaTeX Warning: Hyper reference `generators:ucsgec' on page 62 undefined on inpu
t line 5429.


LaTeX Warning: Hyper reference `generators:ucsgec' on page 62 undefined on inpu
t line 5471.

[62] [63] [64] [65] [66] [67] [68] [69] [70]
Chapter 8.
[71] [72] [73] [74] [75] [76] [77]
Overfull \vbox (3.24745pt too high) detected at line 6988
[78] [79] [80]
Chapter 9.
[81] [82]
Chapter 10.
[83] [84] [85] [86]

LaTeX Warning: Reference `generators:diffexpmap' on page 87 undefined on input 
line 7305.


LaTeX Warning: Reference `generators:ecuc' on page 87 undefined on input line 7
308.


LaTeX Warning: Reference `generators:generators-prf-1' on page 87 undefined on 
input line 7329.


LaTeX Warning: Reference `generators:generators-prf-2' on page 87 undefined on 
input line 7332.

[87]

LaTeX Warning: Reference `generators:ucsgec' on page 88 undefined on input line
 7389.

[88] (book.ind) (book.aux)

LaTeX Warning: There were undefined references.

 )
(see the transcript file for additional information)
Output written on book.pdf (92 pages).
Transcript written on book.log.
Latexmk: Getting log file 'book.log'
Latexmk: Examining 'book.fls'
Latexmk: Examining 'book.log'
Latexmk: Log file says output to 'book.pdf'
Latexmk: Index file 'book.idx' was written
Latexmk: Summary of warnings from last run of *latex:
Latexmk: ====Problematic refs and citations with line #s in .tex file:
  Latex failed to resolve 12 reference(s)
Latexmk: All targets (book.pdf) are up-to-date
  Hyper reference `generators:diffexpmap' on page 56 undefined on input line 4952
  Hyper reference `generators:ecuc' on page 58 undefined on input line 5060
  Hyper reference `generators:ucsgec' on page 58 undefined on input line 5090
  Hyper reference `generators:ucsgec' on page 58 undefined on input line 5125
  Hyper reference `generators:ecuc' on page 62 undefined on input line 5404
  Hyper reference `generators:ucsgec' on page 62 undefined on input line 5429
  Hyper reference `generators:ucsgec' on page 62 undefined on input line 5471
 And 5 more --- see log file 'book.log'

Reverting Windows console CPs to (in,out) = (1252,65001)
